[    0.000000] Linux version 4.15.0-212-generic (buildd@lcy02-amd64-083) (gcc version 7.5.0 (Ubuntu 7.5.0-3ubuntu1~18.04)) #223-Ubuntu SMP Tue May 23 13:09:22 UTC 2023 (Ubuntu 4.15.0-212.223-generic 4.15.18)
[    0.000000] Command line: BOOT_IMAGE=/boot/vmlinuz-4.15.0-212-generic root=LABEL=cloudimg-rootfs ro console=tty1 console=ttyS0
[    0.000000] KERNEL supported cpus:
[    0.000000]   Intel GenuineIntel
[    0.000000]   AMD AuthenticAMD
[    0.000000]   Centaur CentaurHauls
[    0.000000] [Firmware Bug]: TSC doesn't count with P0 frequency!
[    0.000000] x86/fpu: Supporting XSAVE feature 0x001: 'x87 floating point registers'
[    0.000000] x86/fpu: Supporting XSAVE feature 0x002: 'SSE registers'
[    0.000000] x86/fpu: Supporting XSAVE feature 0x004: 'AVX registers'
[    0.000000] x86/fpu: xstate_offset[2]:  576, xstate_sizes[2]:  256
[    0.000000] x86/fpu: Enabled xstate features 0x7, context size is 832 bytes, using 'standard' format.
[    0.000000] e820: BIOS-provided physical RAM map:
[    0.000000] BIOS-e820: [mem 0x0000000000000000-0x000000000009fbff] usable
[    0.000000] BIOS-e820: [mem 0x000000000009fc00-0x000000000009ffff] reserved
[    0.000000] BIOS-e820: [mem 0x00000000000f0000-0x00000000000fffff] reserved
[    0.000000] BIOS-e820: [mem 0x0000000000100000-0x00000000dffeffff] usable
[    0.000000] BIOS-e820: [mem 0x00000000dfff0000-0x00000000dfffffff] ACPI data
[    0.000000] BIOS-e820: [mem 0x00000000fec00000-0x00000000fec00fff] reserved
[    0.000000] BIOS-e820: [mem 0x00000000fee00000-0x00000000fee00fff] reserved
[    0.000000] BIOS-e820: [mem 0x00000000fffc0000-0x00000000ffffffff] reserved
[    0.000000] BIOS-e820: [mem 0x0000000100000000-0x000000011fffffff] usable
[    0.000000] NX (Execute Disable) protection: active
[    0.000000] SMBIOS 2.5 present.
[    0.000000] DMI: innotek GmbH VirtualBox/VirtualBox, BIOS VirtualBox 12/01/2006
[    0.000000] Hypervisor detected: KVM
[    0.000000] e820: last_pfn = 0x120000 max_arch_pfn = 0x400000000
[    0.000000] MTRR: Disabled
[    0.000000] x86/PAT: MTRRs disabled, skipping PAT initialization too.
[    0.000000] CPU MTRRs all blank - virtualized system.
[    0.000000] x86/PAT: Configuration [0-7]: WB  WT  UC- UC  WB  WT  UC- UC  
[    0.000000] e820: last_pfn = 0xdfff0 max_arch_pfn = 0x400000000
[    0.000000] found SMP MP-table at [mem 0x0009fff0-0x0009ffff]
[    0.000000] Scanning 1 areas for low memory corruption
[    0.000000] RAMDISK: [mem 0x359cb000-0x36cdcfff]
[    0.000000] ACPI: Early table checksum verification disabled
[    0.000000] ACPI: RSDP 0x00000000000E0000 000024 (v02 VBOX  )
[    0.000000] ACPI: XSDT 0x00000000DFFF0030 00003C (v01 VBOX   VBOXXSDT 00000001 ASL  00000061)
[    0.000000] ACPI: FACP 0x00000000DFFF00F0 0000F4 (v04 VBOX   VBOXFACP 00000001 ASL  00000061)
[    0.000000] ACPI: DSDT 0x00000000DFFF0610 002353 (v02 VBOX   VBOXBIOS 00000002 INTL 20100528)
[    0.000000] ACPI: FACS 0x00000000DFFF0200 000040
[    0.000000] ACPI: FACS 0x00000000DFFF0200 000040
[    0.000000] ACPI: APIC 0x00000000DFFF0240 00005C (v02 VBOX   VBOXAPIC 00000001 ASL  00000061)
[    0.000000] ACPI: SSDT 0x00000000DFFF02A0 00036C (v01 VBOX   VBOXCPUT 00000002 INTL 20100528)
[    0.000000] ACPI: Reserving FACP table memory at [mem 0xdfff00f0-0xdfff01e3]
[    0.000000] ACPI: Reserving DSDT table memory at [mem 0xdfff0610-0xdfff2962]
[    0.000000] ACPI: Reserving FACS table memory at [mem 0xdfff0200-0xdfff023f]
[    0.000000] ACPI: Reserving FACS table memory at [mem 0xdfff0200-0xdfff023f]
[    0.000000] ACPI: Reserving APIC table memory at [mem 0xdfff0240-0xdfff029b]
[    0.000000] ACPI: Reserving SSDT table memory at [mem 0xdfff02a0-0xdfff060b]
[    0.000000] No NUMA configuration found
[    0.000000] Faking a node at [mem 0x0000000000000000-0x000000011fffffff]
[    0.000000] NODE_DATA(0) allocated [mem 0x11ffd5000-0x11fffffff]
[    0.000000] kvm-clock: cpu 0, msr 1:1ff54001, primary cpu clock
[    0.000000] kvm-clock: Using msrs 4b564d01 and 4b564d00
[    0.000000] kvm-clock: using sched offset of 2996703043 cycles
[    0.000000] clocksource: kvm-clock: mask: 0xffffffffffffffff max_cycles: 0x1cd42e4dffb, max_idle_ns: 881590591483 ns
[    0.000000] Zone ranges:
[    0.000000]   DMA      [mem 0x0000000000001000-0x0000000000ffffff]
[    0.000000]   DMA32    [mem 0x0000000001000000-0x00000000ffffffff]
[    0.000000]   Normal   [mem 0x0000000100000000-0x000000011fffffff]
[    0.000000]   Device   empty
[    0.000000] Movable zone start for each node
[    0.000000] Early memory node ranges
[    0.000000]   node   0: [mem 0x0000000000001000-0x000000000009efff]
[    0.000000]   node   0: [mem 0x0000000000100000-0x00000000dffeffff]
[    0.000000]   node   0: [mem 0x0000000100000000-0x000000011fffffff]
[    0.000000] Reserved but unavailable: 104 pages
[    0.000000] Initmem setup node 0 [mem 0x0000000000001000-0x000000011fffffff]
[    0.000000] ACPI: PM-Timer IO Port: 0x4008
[    0.000000] IOAPIC[0]: apic_id 2, version 32, address 0xfec00000, GSI 0-23
[    0.000000] ACPI: INT_SRC_OVR (bus 0 bus_irq 0 global_irq 2 dfl dfl)
[    0.000000] ACPI: INT_SRC_OVR (bus 0 bus_irq 9 global_irq 9 low level)
[    0.000000] Using ACPI (MADT) for SMP configuration information
[    0.000000] smpboot: Allowing 2 CPUs, 0 hotplug CPUs
[    0.000000] PM: Registered nosave memory: [mem 0x00000000-0x00000fff]
[    0.000000] PM: Registered nosave memory: [mem 0x0009f000-0x0009ffff]
[    0.000000] PM: Registered nosave memory: [mem 0x000a0000-0x000effff]
[    0.000000] PM: Registered nosave memory: [mem 0x000f0000-0x000fffff]
[    0.000000] PM: Registered nosave memory: [mem 0xdfff0000-0xdfffffff]
[    0.000000] PM: Registered nosave memory: [mem 0xe0000000-0xfebfffff]
[    0.000000] PM: Registered nosave memory: [mem 0xfec00000-0xfec00fff]
[    0.000000] PM: Registered nosave memory: [mem 0xfec01000-0xfedfffff]
[    0.000000] PM: Registered nosave memory: [mem 0xfee00000-0xfee00fff]
[    0.000000] PM: Registered nosave memory: [mem 0xfee01000-0xfffbffff]
[    0.000000] PM: Registered nosave memory: [mem 0xfffc0000-0xffffffff]
[    0.000000] e820: [mem 0xe0000000-0xfebfffff] available for PCI devices
[    0.000000] Booting paravirtualized kernel on KVM
[    0.000000] clocksource: refined-jiffies: mask: 0xffffffff max_cycles: 0xffffffff, max_idle_ns: 7645519600211568 ns
[    0.000000] setup_percpu: NR_CPUS:8192 nr_cpumask_bits:2 nr_cpu_ids:2 nr_node_ids:1
[    0.000000] percpu: Embedded 50 pages/cpu s167936 r8192 d28672 u1048576
[    0.000000] PV qspinlock hash table entries: 256 (order: 0, 4096 bytes)
[    0.000000] Built 1 zonelists, mobility grouping on.  Total pages: 1032057
[    0.000000] Policy zone: Normal
[    0.000000] Kernel command line: BOOT_IMAGE=/boot/vmlinuz-4.15.0-212-generic root=LABEL=cloudimg-rootfs ro console=tty1 console=ttyS0
[    0.000000] Memory: 4013268K/4193848K available (12300K kernel code, 2477K rwdata, 4324K rodata, 2480K init, 2720K bss, 180580K reserved, 0K cma-reserved)
[    0.000000] SLUB: HWalign=64, Order=0-3, MinObjects=0, CPUs=2, Nodes=1
[    0.000000] ftrace: allocating 39508 entries in 155 pages
[    0.004000] Hierarchical RCU implementation.
[    0.004000] 	RCU restricting CPUs from NR_CPUS=8192 to nr_cpu_ids=2.
[    0.004000] 	Tasks RCU enabled.
[    0.004000] RCU: Adjusting geometry for rcu_fanout_leaf=16, nr_cpu_ids=2
[    0.004000] NR_IRQS: 524544, nr_irqs: 440, preallocated irqs: 16
[    0.004000] random: crng init done
[    0.004000] Console: colour VGA+ 80x25
[    0.004000] console [tty1] enabled
[    0.004000] console [ttyS0] enabled
[    0.004000] ACPI: Core revision 20170831
[    0.004000] ACPI: 2 ACPI AML tables successfully acquired and loaded
[    0.004000] APIC: Switch to symmetric I/O mode setup
[    0.004000] x2apic enabled
[    0.004000] Switched APIC routing to physical x2apic.
[    0.004000] ..TIMER: vector=0x30 apic1=0 pin1=2 apic2=-1 pin2=-1
[    0.004000] tsc: Detected 3293.814 MHz processor
[    0.004000] Calibrating delay loop (skipped) preset value.. 6587.62 BogoMIPS (lpj=13175256)
[    0.004000] pid_max: default: 32768 minimum: 301
[    0.004000] Security Framework initialized
[    0.004000] Yama: becoming mindful.
[    0.004017] AppArmor: AppArmor initialized
[    0.005013] Dentry cache hash table entries: 524288 (order: 10, 4194304 bytes)
[    0.006110] Inode-cache hash table entries: 262144 (order: 9, 2097152 bytes)
[    0.006883] Mount-cache hash table entries: 8192 (order: 4, 65536 bytes)
[    0.008018] Mountpoint-cache hash table entries: 8192 (order: 4, 65536 bytes)
[    0.008999] Last level iTLB entries: 4KB 512, 2MB 512, 4MB 256
[    0.009659] Last level dTLB entries: 4KB 2048, 2MB 2048, 4MB 1024, 1GB 0
[    0.010367] Spectre V1 : Mitigation: usercopy/swapgs barriers and __user pointer sanitization
[    0.011301] Spectre V2 : Mitigation: Retpolines
[    0.012001] Spectre V2 : Spectre v2 / SpectreRSB mitigation: Filling RSB on context switch
[    0.012923] Spectre V2 : Spectre v2 / SpectreRSB : Filling RSB on VMEXIT
[    0.013802] Freeing SMP alternatives memory: 36K
[    0.124066] smpboot: CPU0: AMD Ryzen 5 5600H with Radeon Graphics (family: 0x19, model: 0x50, stepping: 0x0)
[    0.125477] Performance Events: PMU not available due to virtualization, using software events only.
[    0.126761] Hierarchical SRCU implementation.
[    0.127940] NMI watchdog: Perf event create on CPU 0 failed with -2
[    0.128000] NMI watchdog: Perf NMI watchdog permanently disabled
[    0.128000] smp: Bringing up secondary CPUs ...
[    0.128000] x86: Booting SMP configuration:
[    0.128000] .... node  #0, CPUs:      #1
[    0.004000] kvm-clock: cpu 1, msr 1:1ff54041, secondary cpu clock
[    0.132014] smp: Brought up 1 node, 2 CPUs
[    0.132586] smpboot: Max logical packages: 1
[    0.133185] smpboot: Total of 2 processors activated (13175.25 BogoMIPS)
[    0.134175] devtmpfs: initialized
[    0.134175] x86/mm: Memory block size: 128MB
[    0.134175] evm: security.selinux
[    0.134175] evm: security.SMACK64
[    0.134175] evm: security.SMACK64EXEC
[    0.134175] evm: security.SMACK64TRANSMUTE
[    0.134376] evm: security.SMACK64MMAP
[    0.134901] evm: security.apparmor
[    0.135395] evm: security.ima
[    0.136001] evm: security.capability
[    0.140056] clocksource: jiffies: mask: 0xffffffff max_cycles: 0xffffffff, max_idle_ns: 7645041785100000 ns
[    0.141310] futex hash table entries: 512 (order: 3, 32768 bytes)
[    0.142155] pinctrl core: initialized pinctrl subsystem
[    0.142155] RTC time:  0:12:58, date: 03/10/25
[    0.142155] NET: Registered protocol family 16
[    0.142155] audit: initializing netlink subsys (disabled)
[    0.144016] audit: type=2000 audit(1741565582.894:1): state=initialized audit_enabled=0 res=1
[    0.145167] cpuidle: using governor ladder
[    0.148016] cpuidle: using governor menu
[    0.148602] ACPI: bus type PCI registered
[    0.148602] acpiphp: ACPI Hot Plug PCI Controller Driver version: 0.5
[    0.149201] PCI: Using configuration type 1 for base access
[    0.149782] PCI: Using configuration type 1 for extended access
[    0.152018] HugeTLB registered 2.00 MiB page size, pre-allocated 0 pages
[    0.152921] ACPI: Added _OSI(Module Device)
[    0.152921] ACPI: Added _OSI(Processor Device)
[    0.153278] ACPI: Added _OSI(3.0 _SCP Extensions)
[    0.153932] ACPI: Added _OSI(Processor Aggregator Device)
[    0.156003] ACPI: Added _OSI(Linux-Dell-Video)
[    0.156616] ACPI: Added _OSI(Linux-Lenovo-NV-HDMI-Audio)
[    0.157341] ACPI: Added _OSI(Linux-HPI-Hybrid-Graphics)
[    0.158278] ACPI: Executed 1 blocks of module-level executable AML code
[    0.158278] ACPI: Interpreter enabled
[    0.158278] ACPI: (supports S0 S5)
[    0.158278] ACPI: Using IOAPIC for interrupt routing
[    0.159070] PCI: Using host bridge windows from ACPI; if necessary, use "pci=nocrs" and report a bug
[    0.160146] ACPI: Enabled 2 GPEs in block 00 to 07
[    0.166359] ACPI: PCI Root Bridge [PCI0] (domain 0000 [bus 00-ff])
[    0.167194] acpi PNP0A03:00: _OSC: OS supports [ExtendedConfig ASPM ClockPM Segments MSI]
[    0.172916] acpi PNP0A03:00: _OSC: platform does not support [PCIeCapability]
[    0.174309] acpi PNP0A03:00: _OSC: not requesting control; platform does not support [PCIeCapability]
[    0.174309] acpi PNP0A03:00: _OSC: OS requested [PCIeHotplug PME AER PCIeCapability]
[    0.174309] acpi PNP0A03:00: _OSC: platform willing to grant [PCIeHotplug PME AER]
[    0.174309] acpi PNP0A03:00: _OSC failed (AE_SUPPORT); disabling ASPM
[    0.175251] PCI host bridge to bus 0000:00
[    0.176003] pci_bus 0000:00: root bus resource [io  0x0000-0x0cf7 window]
[    0.176902] pci_bus 0000:00: root bus resource [io  0x0d00-0xffff window]
[    0.177800] pci_bus 0000:00: root bus resource [mem 0x000a0000-0x000bffff window]
[    0.178822] pci_bus 0000:00: root bus resource [mem 0xe0000000-0xfdffffff window]
[    0.184002] pci_bus 0000:00: root bus resource [bus 00-ff]
[    0.186273] pci 0000:00:01.1: legacy IDE quirk: reg 0x10: [io  0x01f0-0x01f7]
[    0.187213] pci 0000:00:01.1: legacy IDE quirk: reg 0x14: [io  0x03f6]
[    0.188002] pci 0000:00:01.1: legacy IDE quirk: reg 0x18: [io  0x0170-0x0177]
[    0.188932] pci 0000:00:01.1: legacy IDE quirk: reg 0x1c: [io  0x0376]
[    0.212786] pci 0000:00:07.0: quirk: [io  0x4000-0x403f] claimed by PIIX4 ACPI
[    0.213847] pci 0000:00:07.0: quirk: [io  0x4100-0x410f] claimed by PIIX4 SMB
[    0.229490] ACPI: PCI Interrupt Link [LNKA] (IRQs 5 9 10 *11)
[    0.230598] ACPI: PCI Interrupt Link [LNKB] (IRQs 5 9 *10 11)
[    0.232093] ACPI: PCI Interrupt Link [LNKC] (IRQs 5 *9 10 11)
[    0.232977] ACPI: PCI Interrupt Link [LNKD] (IRQs 5 9 10 *11)
[    0.234003] SCSI subsystem initialized
[    0.236035] pci 0000:00:02.0: vgaarb: setting as boot VGA device
[    0.236867] pci 0000:00:02.0: vgaarb: VGA device added: decodes=io+mem,owns=io+mem,locks=none
[    0.240003] pci 0000:00:02.0: vgaarb: bridge control possible
[    0.240634] vgaarb: loaded
[    0.240985] ACPI: bus type USB registered
[    0.241453] usbcore: registered new interface driver usbfs
[    0.241453] usbcore: registered new interface driver hub
[    0.241453] usbcore: registered new device driver usb
[    0.244015] EDAC MC: Ver: 3.0.0
[    0.244557] PCI: Using ACPI for IRQ routing
[    0.244713] NetLabel: Initializing
[    0.245143] NetLabel:  domain hash size = 128
[    0.248001] NetLabel:  protocols = UNLABELED CIPSOv4 CALIPSO
[    0.248642] NetLabel:  unlabeled traffic allowed by default
[    0.249272] clocksource: Switched to clocksource kvm-clock
[    0.255094] VFS: Disk quotas dquot_6.6.0
[    0.255571] VFS: Dquot-cache hash table entries: 512 (order 0, 4096 bytes)
[    0.256388] AppArmor: AppArmor Filesystem Enabled
[    0.256936] pnp: PnP ACPI init
[    0.257897] pnp: PnP ACPI: found 3 devices
[    0.265451] clocksource: acpi_pm: mask: 0xffffff max_cycles: 0xffffff, max_idle_ns: 2085701024 ns
[    0.266442] NET: Registered protocol family 2
[    0.266995] IP idents hash table entries: 65536 (order: 7, 524288 bytes)
[    0.268056] TCP established hash table entries: 32768 (order: 6, 262144 bytes)
[    0.268881] TCP bind hash table entries: 32768 (order: 7, 524288 bytes)
[    0.269662] TCP: Hash tables configured (established 32768 bind 32768)
[    0.270384] UDP hash table entries: 2048 (order: 4, 65536 bytes)
[    0.271033] UDP-Lite hash table entries: 2048 (order: 4, 65536 bytes)
[    0.271738] NET: Registered protocol family 1
[    0.272255] pci 0000:00:00.0: Limiting direct PCI/PCI transfers
[    0.272907] pci 0000:00:01.0: Activating ISA DMA hang workarounds
[    0.273583] pci 0000:00:02.0: Video device with shadowed ROM at [mem 0x000c0000-0x000dffff]
[    0.274621] Unpacking initramfs...
[    0.441544] Freeing initrd memory: 19528K
[    0.442529] PCI-DMA: Using software bounce buffering for IO (SWIOTLB)
[    0.443403] software IO TLB: mapped [mem 0xdbff0000-0xdfff0000] (64MB)
[    0.444326] clocksource: tsc: mask: 0xffffffffffffffff max_cycles: 0x2f7a78d8787, max_idle_ns: 440795347541 ns
[    0.445685] platform rtc_cmos: registered platform RTC device (no PNP device found)
[    0.446748] Scanning for low memory corruption every 60 seconds
[    0.448048] Initialise system trusted keyrings
[    0.448730] Key type blacklist registered
[    0.449333] workingset: timestamp_bits=36 max_order=20 bucket_order=0
[    0.451010] zbud: loaded
[    0.451755] squashfs: version 4.0 (2009/01/31) Phillip Lougher
[    0.452661] fuse init (API version 7.26)
[    0.454721] Key type asymmetric registered
[    0.455272] Asymmetric key parser 'x509' registered
[    0.455858] Block layer SCSI generic (bsg) driver version 0.4 loaded (major 246)
[    0.456714] io scheduler noop registered
[    0.457160] io scheduler deadline registered
[    0.457641] io scheduler cfq registered (default)
[    0.458370] ACPI: AC Adapter [AC] (on-line)
[    0.458874] input: Power Button as /devices/LNXSYSTM:00/LNXPWRBN:00/input/input0
[    0.459709] ACPI: Power Button [PWRF]
[    0.460179] input: Sleep Button as /devices/LNXSYSTM:00/LNXSLPBN:00/input/input1
[    0.460983] ACPI: Sleep Button [SLPF]
[    0.461591] Serial: 8250/16550 driver, 32 ports, IRQ sharing enabled
[    0.462207] ACPI: Battery Slot [BAT0] (battery present)
[    0.483355] 00:02: ttyS0 at I/O 0x3f8 (irq = 4, base_baud = 115200) is a 16550A
[    0.485696] Linux agpgart interface v0.103
[    0.487074] loop: module loaded
[    0.487783] scsi host0: ata_piix
[    0.488279] scsi host1: ata_piix
[    0.488681] ata1: PATA max UDMA/33 cmd 0x1f0 ctl 0x3f6 bmdma 0xd000 irq 14
[    0.489394] ata2: PATA max UDMA/33 cmd 0x170 ctl 0x376 bmdma 0xd008 irq 15
[    0.490331] tun: Universal TUN/TAP device driver, 1.6
[    0.490959] PPP generic driver version 2.4.2
[    0.491475] ehci_hcd: USB 2.0 'Enhanced' Host Controller (EHCI) Driver
[    0.492228] ehci-pci: EHCI PCI platform driver
[    0.492727] ehci-platform: EHCI generic platform driver
[    0.493289] ohci_hcd: USB 1.1 'Open' Host Controller (OHCI) Driver
[    0.493934] ohci-pci: OHCI PCI platform driver
[    0.494425] ohci-platform: OHCI generic platform driver
[    0.494987] uhci_hcd: USB Universal Host Controller Interface driver
[    0.495682] i8042: PNP: PS/2 Controller [PNP0303:PS2K,PNP0f03:PS2M] at 0x60,0x64 irq 1,12
[    0.496913] serio: i8042 KBD port at 0x60,0x64 irq 1
[    0.497470] serio: i8042 AUX port at 0x60,0x64 irq 12
[    0.498102] mousedev: PS/2 mouse device common for all mice
[    0.499090] input: AT Translated Set 2 keyboard as /devices/platform/i8042/serio0/input/input2
[    0.500162] rtc_cmos rtc_cmos: rtc core: registered rtc_cmos as rtc0
[    0.500871] rtc_cmos rtc_cmos: alarms up to one day, 114 bytes nvram
[    0.501545] i2c /dev entries driver
[    0.501960] device-mapper: uevent: version 1.0.3
[    0.502561] device-mapper: ioctl: 4.37.0-ioctl (2017-09-20) initialised: dm-devel@redhat.com
[    0.503583] ledtrig-cpu: registered to indicate activity on CPUs
[    0.504476] NET: Registered protocol family 10
[    0.507126] Segment Routing with IPv6
[    0.507657] NET: Registered protocol family 17
[    0.508316] Key type dns_resolver registered
[    0.509037] mce: Using 0 MCE banks
[    0.509536] RAS: Correctable Errors collector initialized.
[    0.510160] sched_clock: Marking stable (509012564, 0)->(669663605, -160651041)
[    0.511191] registered taskstats version 1
[    0.511670] Loading compiled-in X.509 certificates
[    0.513405] Loaded X.509 cert 'Build time autogenerated kernel key: b5b26778eaa3ab3a4a6cee031137706e947d12ad'
[    0.514893] Loaded X.509 cert 'Canonical Ltd. Live Patch Signing: 14df34d1a87cf37625abec039ef2bf521249b969'
[    0.516581] Loaded X.509 cert 'Canonical Ltd. Kernel Module Signing: 88f752e560a1e0737e31163a466ad7b70a850c19'
[    0.517938] blacklist: Loading compiled-in revocation X.509 certificates
[    0.518872] Loaded X.509 cert 'Canonical Ltd. Secure Boot Signing: 61482aa2830d0ab2ad5af10b7250da9033ddcef0'
[    0.520216] Loaded X.509 cert 'Canonical Ltd. Secure Boot Signing (2017): 242ade75ac4a15e50d50c84b0d45ff3eae707a03'
[    0.521585] Loaded X.509 cert 'Canonical Ltd. Secure Boot Signing (ESM 2018): 365188c1d374d6b07c3c8f240f8ef722433d6a8b'
[    0.522989] Loaded X.509 cert 'Canonical Ltd. Secure Boot Signing (2019): c0746fd6c5da3ae827864651ad66ae47fe24b3e8'
[    0.524375] Loaded X.509 cert 'Canonical Ltd. Secure Boot Signing (2021 v1): a8d54bbb3825cfb94fa13c9f8a594a195c107b8d'
[    0.525765] Loaded X.509 cert 'Canonical Ltd. Secure Boot Signing (2021 v2): 4cf046892d6fd3c9a5b03f98d845f90851dc6a8c'
[    0.527150] Loaded X.509 cert 'Canonical Ltd. Secure Boot Signing (2021 v3): 100437bb6de6e469b581e61cd66bce3ef4ed53af'
[    0.528547] Loaded X.509 cert 'Canonical Ltd. Secure Boot Signing (Ubuntu Core 2019): c1d57b8f6b743f23ee41f4f7ee292f06eecadfb9'
[    0.530030] zswap: loaded using pool lzo/zbud
[    0.532734] Key type big_key registered
[    0.533301] Key type trusted registered
[    0.534870] Key type encrypted registered
[    0.535450] AppArmor: AppArmor sha1 policy hashing enabled
[    0.536221] ima: No TPM chip found, activating TPM-bypass! (rc=-19)
[    0.537054] ima: Allocated hash algorithm: sha1
[    0.537708] evm: HMAC attrs: 0x1
[    0.538370]   Magic number: 1:895:202
[    0.538973] rtc_cmos rtc_cmos: setting system clock to 2025-03-10 00:12:58 UTC (1741565578)
[    0.540178] BIOS EDD facility v0.16 2004-Jun-25, 0 devices found
[    0.540987] EDD information not available.
[    0.672679] Freeing unused kernel image memory: 2480K
[    0.684013] Write protecting the kernel read-only data: 20480k
[    0.685204] Freeing unused kernel image memory: 2008K
[    0.686130] Freeing unused kernel image memory: 1820K
[    0.690289] x86/mm: Checked W+X mappings: passed, no W+X pages found.
Loading, please wait...
starting version 237
[    0.741525] Fusion MPT base driver 3.04.20
[    0.742143] Copyright (c) 1999-2008 LSI Corporation
[    0.743554] e1000: Intel(R) PRO/1000 Network Driver - version 7.3.21-k8-NAPI
[    0.744457] e1000: Copyright (c) 1999-2006 Intel Corporation.
[    0.746866] Fusion MPT SPI Host driver 3.04.20
[    0.765027] AVX2 version of gcm_enc/dec engaged.
[    0.765659] AES CTR mode by8 optimization enabled
[    0.958334] input: ImExPS/2 Generic Explorer Mouse as /devices/platform/i8042/serio1/input/input4
[    1.139752] e1000 0000:00:03.0 eth0: (PCI:33MHz:32-bit) 02:3b:7b:b7:3b:2d
[    1.140699] e1000 0000:00:03.0 eth0: Intel(R) PRO/1000 Network Connection
[    1.683654] e1000 0000:00:08.0 eth1: (PCI:33MHz:32-bit) 08:00:27:95:ca:44
[    1.684567] e1000 0000:00:08.0 eth1: Intel(R) PRO/1000 Network Connection
[    1.686169] e1000 0000:00:03.0 enp0s3: renamed from eth0
[    1.686978] mptbase: ioc0: Initiating bringup
[    1.844799] ioc0: LSI53C1030 A0: Capabilities={Initiator}
[    1.861344] e1000 0000:00:08.0 enp0s8: renamed from eth1
[    2.541165] scsi host2: ioc0: LSI53C1030 A0, FwRev=00000000h, Ports=1, MaxQ=256, IRQ=20
[    2.972636] scsi 2:0:0:0: Direct-Access     VBOX     HARDDISK         1.0  PQ: 0 ANSI: 5
[    3.420220] scsi target2:0:0: Beginning Domain Validation
[    3.421603] scsi target2:0:0: Domain Validation skipping write tests
[    3.422441] scsi target2:0:0: Ending Domain Validation
[    3.423986] scsi target2:0:0: asynchronous
[    3.424784] scsi 2:0:1:0: Direct-Access     VBOX     HARDDISK         1.0  PQ: 0 ANSI: 5
[    3.480014] scsi target2:0:1: Beginning Domain Validation
[    3.481231] scsi target2:0:1: Domain Validation skipping write tests
[    3.481933] scsi target2:0:1: Ending Domain Validation
[    3.482550] scsi target2:0:1: asynchronous
[    3.485481] sd 2:0:0:0: Attached scsi generic sg0 type 0
[    3.485495] sd 2:0:0:0: [sda] 83886080 512-byte logical blocks: (42.9 GB/40.0 GiB)
[    3.487221] sd 2:0:0:0: [sda] Write Protect is off
[    3.487842] sd 2:0:1:0: Attached scsi generic sg1 type 0
[    3.488627] sd 2:0:0:0: [sda] Incomplete mode parameter data
[    3.489270] sd 2:0:0:0: [sda] Assuming drive cache: write through
[    3.489928] sd 2:0:1:0: [sdb] 20480 512-byte logical blocks: (10.5 MB/10.0 MiB)
[    3.490854] sd 2:0:1:0: [sdb] Write Protect is off
[    3.491620] sd 2:0:1:0: [sdb] Incomplete mode parameter data
[    3.492405] sd 2:0:1:0: [sdb] Assuming drive cache: write through
[    3.494142]  sda: sda1
[    3.495069] sd 2:0:0:0: [sda] Attached SCSI disk
[    3.495505] sd 2:0:1:0: [sdb] Attached SCSI disk
Begin: Loading essential drivers ... [    4.904197] raid6: sse2x1   gen()  7173 MB/s
[    4.952273] raid6: sse2x1   xor() 12532 MB/s
[    5.000354] raid6: sse2x2   gen() 15051 MB/s
[    5.048012] raid6: sse2x2   xor() 15465 MB/s
[    5.096027] raid6: sse2x4   gen() 20563 MB/s
[    5.147631] raid6: sse2x4   xor() 12469 MB/s
[    5.196219] raid6: avx2x1   gen() 17064 MB/s
[    5.244277] raid6: avx2x1   xor() 24101 MB/s
[    5.292359] raid6: avx2x2   gen() 29457 MB/s
[    5.340133] raid6: avx2x2   xor() 26800 MB/s
[    5.388310] raid6: avx2x4   gen() 28120 MB/s
[    5.436466] raid6: avx2x4   xor() 13436 MB/s
[    5.437073] raid6: using algorithm avx2x2 gen() 29457 MB/s
[    5.437812] raid6: .... xor() 26800 MB/s, rmw enabled
[    5.438511] raid6: using avx2x2 recovery algorithm
[    5.439952] xor: automatically using best checksumming function   avx       
[    5.441503] async_tx: api initialized (async)
done.
Begin: Running /scripts/init-premount ... done.
Begin: Mounting root file system ... Begin: Running /scripts/local-top ... done.
Begin: Running /scripts/local-premount ... [    5.478658] Btrfs loaded, crc32c=crc32c-intel
Scanning for Btrfs filesystems
done.
Warning: fsck not present, so skipping root file system
[    5.507726] EXT4-fs (sda1): mounted filesystem with ordered data mode. Opts: (null)
done.
Begin: Running /scripts/local-bottom ... done.
Begin: Running /scripts/init-bottom ... done.
[    5.618260] ip_tables: (C) 2000-2006 Netfilter Core Team
[    5.624815] systemd[1]: systemd 237 running in system mode. (+PAM +AUDIT +SELINUX +IMA +APPARMOR +SMACK +SYSVINIT +UTMP +LIBCRYPTSETUP +GCRYPT +GNUTLS +ACL +XZ +LZ4 +SECCOMP +BLKID +ELFUTILS +KMOD -IDN2 +IDN -PCRE2 default-hierarchy=hybrid)
[    5.627552] systemd[1]: Detected virtualization oracle.
[    5.628299] systemd[1]: Detected architecture x86-64.

Welcome to [1mUbuntu 18.04.6 LTS[0m!

[    5.632781] systemd[1]: Set hostname to <ubuntu>.
[    5.634945] systemd[1]: Initializing machine ID from random generator.
[    5.635829] systemd[1]: Installed transient /etc/machine-id file.
[    5.802902] systemd[1]: Reached target Swap.
[[0;32m  OK  [0m] Reached target Swap.
[    5.804704] systemd[1]: Created slice User and Session Slice.
[[0;32m  OK  [0m] Created slice User and Session Slice.
[    5.805971] systemd[1]: Started Forward Password Requests to Wall Directory Watch.
[[0;32m  OK  [0m] Started Forward Password Requests to Wall Directory Watch.
[    5.807502] systemd[1]: Reached target Mounting snaps.
[[0;32m  OK  [0m] Reached target Mounting snaps.
[[0;32m  OK  [0m] Reached target Mounted snaps.
[[0;32m  OK  [0m] Reached target User and Group Name Lookups.
[[0;32m  OK  [0m] Set up automount Arbitrary Executabâ€¦rmats File System Automount Point.
[[0;32m  OK  [0m] Created slice System Slice.
[[0;32m  OK  [0m] Listening on Journal Socket (/dev/log).
[[0;32m  OK  [0m] Listening on fsck to fsckd communication Socket.
[[0;32m  OK  [0m] Listening on Journal Socket.
         Mounting Kernel Debug File System...
         Starting Set the console keyboard layout...
         Starting Uncomplicated firewall...
         Mounting POSIX Message Queue File System...
         Starting File System Check on Root Device...
         Mounting Huge Pages File System...
[[0;32m  OK  [0m] Listening on /dev/initctl Compatibility Named Pipe.
[[0;32m  OK  [0m] Listening on udev Kernel Socket.
[[0;32m  OK  [0m] Reached target Slices.
[[0;32m  OK  [0m] Listening on udev Control Socket.
         Starting udev Coldplug all Devices...
[[0;32m  OK  [0m] Listening on Journal Audit Socket.
[[0;32m  OK  [0m] Listening on LVM2 metadata daemon socket.
[[0;32m  OK  [0m] Listening on Device-mapper event daemon FIFOs.
         Starting Monitoring of LVM2 mirrorsâ€¦ng dmeventd or progress polling...
[[0;32m  OK  [0m] Listening on LVM2 poll daemon socket.
[[0;32m  OK  [0m] Listening on Syslog Socket.
         Starting Load Kernel Modules...
[[0;32m  OK  [0m] Listening on Network Service Netlink Socket.
         Starting Journal Service...
         Starting Create list of required stâ€¦ce nodes for the current kernel...
[[0;32m  OK  [0m] Created slice system-serial\x2dgetty.slice.
[[0;32m  OK  [0m] Reached target System Time Synchronized.
[[0;32m  OK  [0m] Mounted Kernel Debug File System.
[[0;32m  OK  [0m] Started Uncomplicated firewall.
[[0;32m  OK  [0m] Mounted POSIX Message Queue File System.
[[0;32m  OK  [0m] Started File System Check on Root Device.
[[0;32m  OK  [0m] Mounted Huge Pages File System.
[[0;32m  OK  [0m] Started File System Check Daemon to report status.
[[0;32m  OK  [0m] Started LVM2 metadata daemon.
         Starting Remount Root and Kernel File Systems...
[    5.894970] Loading iSCSI transport class v2.0-870.
[    5.904683] iscsi: registered transport (tcp)
[[0;32m  OK  [0m] Started udev Coldplug all Devices.
[    5.915667] iscsi: registered transport (iser)
[[0;32m  OK  [0m] Started Load Kernel Modules.
         Mounting Kernel Configuration File System...
         Mounting FUSE Control File System...
         Starting Apply Kernel Variables...
[[0;32m  OK  [0m] Started Create list of required staâ€¦vice nodes for the current kernel.
[[0;32m  OK  [0m] Mounted FUSE Control File System.
[[0;32m  OK  [0m] Mounted Kernel Configuration File System.
         Starting Create Static Device Nodes in /dev...
[[0;32m  OK  [0m] Started Journal Service.
[[0;32m  OK  [0m] Started Create Static Device Nodes in /dev.
[[0;32m  OK  [0m] Started Remount Root and Kernel File Systems.
         Starting Load/Save Random Seed...
         Starting udev Kernel Device Manager...
         Starting Flush Journal to Persistent Storage...
[[0;32m  OK  [0m] Started Monitoring of LVM2 mirrors,â€¦sing dmeventd or progress polling.
[[0;32m  OK  [0m] Started Apply Kernel Variables.
[[0;32m  OK  [0m] Started Load/Save Random Seed.
[[0;32m  OK  [0m] Started udev Kernel Device Manager.
[[0;32m  OK  [0m] Started Flush Journal to Persistent Storage.
[[0;32m  OK  [0m] Found device /dev/ttyS0.
         Mounting Arbitrary Executable File Formats File System...
[[0;32m  OK  [0m] Listening on Load/Save RF Kill Switch Status /dev/rfkill Watch.
[[0;32m  OK  [0m] Mounted Arbitrary Executable File Formats File System.
[[0;32m  OK  [0m] Started Set the console keyboard layout.
[[0;32m  OK  [0m] Reached target Local File Systems (Pre).
[[0;32m  OK  [0m] Reached target Local File Systems.
         Starting Tell Plymouth To Write Out Runtime Data...
         Starting Commit a transient machine-id on disk...
         Starting Set console font and keymap...
         Starting ebtables ruleset management...
         Starting Create Volatile Files and Directories...
         Starting AppArmor initialization...
[[0;32m  OK  [0m] Started Dispatch Password Requests to Console Directory Watch.
[[0;32m  OK  [0m] Reached target Local Encrypted Volumes.
[[0;32m  OK  [0m] Started Tell Plymouth To Write Out Runtime Data.
[[0;32m  OK  [0m] Started Create Volatile Files and Directories.
         Starting Update UTMP about System Boot/Shutdown...
[[0;32m  OK  [0m] Started Update UTMP about System Boot/Shutdown.
[[0;32m  OK  [0m] Started ebtables ruleset management.
[[0;32m  OK  [0m] Started Commit a transient machine-id on disk.
[[0;32m  OK  [0m] Started Set console font and keymap.
[[0;32m  OK  [0m] Started AppArmor initialization.
         Starting Initial cloud-init job (pre-networking)...
         Starting Load AppArmor profiles managed internally by snapd...
[[0;32m  OK  [0m] Started Load AppArmor profiles managed internally by snapd.
[    9.191622] cloud-init[854]: Cloud-init v. 23.1.2-0ubuntu0~18.04.1 running 'init-local' at Mon, 10 Mar 2025 00:13:06 +0000. Up 8.88 seconds.
[[0;32m  OK  [0m] Started Initial cloud-init job (pre-networking).
[[0;32m  OK  [0m] Reached target Network (Pre).
         Starting Network Service...
[[0;32m  OK  [0m] Started Network Service.
         Starting Network Name Resolution...
         Starting Wait for Network to be Configured...
[[0;32m  OK  [0m] Started Network Name Resolution.
[[0;32m  OK  [0m] Reached target Host and Network Name Lookups.
[[0;32m  OK  [0m] Reached target Network.
[[0;32m  OK  [0m] Started Wait for Network to be Configured.
         Starting Initial cloud-init job (metadata service crawler)...
[   11.709433] cloud-init[985]: Cloud-init v. 23.1.2-0ubuntu0~18.04.1 running 'init' at Mon, 10 Mar 2025 00:13:09 +0000. Up 11.54 seconds.
[   11.710534] cloud-init[985]: ci-info: ++++++++++++++++++++++++++++++++++++++Net device info+++++++++++++++++++++++++++++++++++++++
[   11.711572] cloud-init[985]: ci-info: +--------+-------+----------------------------+---------------+--------+-------------------+
[   11.712629] cloud-init[985]: ci-info: | Device |   Up  |          Address           |      Mask     | Scope  |     Hw-Address    |
[   11.713645] cloud-init[985]: ci-info: +--------+-------+----------------------------+---------------+--------+-------------------+
[   11.714652] cloud-init[985]: ci-info: | enp0s3 |  True |         10.0.2.15          | 255.255.255.0 | global | 02:3b:7b:b7:3b:2d |
[   11.715609] cloud-init[985]: ci-info: | enp0s3 |  True | fe80::3b:7bff:feb7:3b2d/64 |       .       |  link  | 02:3b:7b:b7:3b:2d |
[   11.716557] cloud-init[985]: ci-info: | enp0s8 | False |             .              |       .       |   .    | 08:00:27:95:ca:44 |
[   11.717508] cloud-init[985]: ci-info: |   lo   |  True |         127.0.0.1          |   255.0.0.0   |  host  |         .         |
[   11.718464] cloud-init[985]: ci-info: |   lo   |  True |          ::1/128           |       .       |  host  |         .         |
[   11.719457] cloud-init[985]: ci-info: +--------+-------+----------------------------+---------------+--------+-------------------+
[   11.720408] cloud-init[985]: ci-info: ++++++++++++++++++++++++++++Route IPv4 info+++++++++++++++++++++++++++++
[   11.721211] cloud-init[985]: ci-info: +-------+-------------+----------+-----------------+-----------+-------+
[   11.722033] cloud-init[985]: ci-info: | Route | Destination | Gateway  |     Genmask     | Interface | Flags |
[   11.722854] cloud-init[985]: ci-info: +-------+-------------+----------+-----------------+-----------+-------+
[   11.734673] cloud-init[985]: ci-info: |   0   |   0.0.0.0   | 10.0.2.2 |     0.0.0.0     |   enp0s3  |   UG  |
[   11.735534] cloud-init[985]: ci-info: |   1   |   10.0.2.0  | 0.0.0.0  |  255.255.255.0  |   enp0s3  |   U   |
[   11.736427] cloud-init[985]: ci-info: |   2   |   10.0.2.2  | 0.0.0.0  | 255.255.255.255 |   enp0s3  |   UH  |
[   11.737283] cloud-init[985]: ci-info: +-------+-------------+----------+-----------------+-----------+-------+
[   11.738123] cloud-init[985]: ci-info: +++++++++++++++++++Route IPv6 info+++++++++++++++++++
[   11.738868] cloud-init[985]: ci-info: +-------+-------------+---------+-----------+-------+
[   11.739618] cloud-init[985]: ci-info: | Route | Destination | Gateway | Interface | Flags |
[   11.740338] cloud-init[985]: ci-info: +-------+-------------+---------+-----------+-------+
[   11.741040] cloud-init[985]: ci-info: |   1   |  fe80::/64  |    ::   |   enp0s3  |   U   |
[   11.741735] cloud-init[985]: ci-info: |   3   |    local    |    ::   |   enp0s3  |   U   |
[   11.742441] cloud-init[985]: ci-info: |   4   |   ff00::/8  |    ::   |   enp0s3  |   U   |
[   11.743128] cloud-init[985]: ci-info: +-------+-------------+---------+-----------+-------+
[   12.370335] cloud-init[985]: Generating public/private rsa key pair.
[   12.371160] cloud-init[985]: Your identification has been saved in /etc/ssh/ssh_host_rsa_key.
[   12.372183] cloud-init[985]: Your public key has been saved in /etc/ssh/ssh_host_rsa_key.pub.
[   12.373059] cloud-init[985]: The key fingerprint is:
[   12.373545] cloud-init[985]: SHA256:KfOgtzOPypY3q8QJ+vlQp3dRFqmMi09+Glc8TEyBCRg root@ubuntu-bionic
[   12.374439] cloud-init[985]: The key's randomart image is:
[   12.375053] cloud-init[985]: +---[RSA 2048]----+
[   12.375598] cloud-init[985]: |    Eo.. o+o     |
[   12.376238] cloud-init[985]: |    .   oo..     |
[   12.376803] cloud-init[985]: |       o .=      |
[   12.377343] cloud-init[985]: |      . oB       |
[   12.377889] cloud-init[985]: |  . ..=.S =      |
[   12.378431] cloud-init[985]: | . +.=o= o .     |
[   12.378986] cloud-init[985]: |. . *=+ +        |
[   12.379537] cloud-init[985]: | . =ooB*.        |
[   12.380097] cloud-init[985]: |  oo=+=O.        |
[   12.380650] cloud-init[985]: +----[SHA256]-----+
[   12.381194] cloud-init[985]: Generating public/private dsa key pair.
[   12.381870] cloud-init[985]: Your identification has been saved in /etc/ssh/ssh_host_dsa_key.
[   12.382697] cloud-init[985]: Your public key has been saved in /etc/ssh/ssh_host_dsa_key.pub.
[   12.383527] cloud-init[985]: The key fingerprint is:
[   12.384115] cloud-init[985]: SHA256:kPQ4F+O4fyOaK3NVjmfHrpX65roSVquptZ16wsbzNFE root@ubuntu-bionic
[   12.384998] cloud-init[985]: The key's randomart image is:
[   12.385578] cloud-init[985]: +---[DSA 1024]----+
[   12.386115] cloud-init[985]: |      . o        |
[   12.386637] cloud-init[985]: |     . * o       |
[   12.387194] cloud-init[985]: |      * +   E    |
[   12.387737] cloud-init[985]: |       =  o.     |
[   12.388270] cloud-init[985]: |      . S=.o     |
[   12.388744] cloud-init[985]: |       .= =.o.   |
[   12.389231] cloud-init[985]: |       =+*=oo    |
[   12.389801] cloud-init[985]: |    o .+X*.*o    |
[   12.390225] cloud-init[985]: |     +=+oBOBo    |
[   12.390669] cloud-init[985]: +----[SHA256]-----+
[   12.391130] cloud-init[985]: Generating public/private ecdsa key pair.
[   12.391687] cloud-init[985]: Your identification has been saved in /etc/ssh/ssh_host_ecdsa_key.
[   12.392448] cloud-init[985]: Your public key has been saved in /etc/ssh/ssh_host_ecdsa_key.pub.
[   12.393212] cloud-init[985]: The key fingerprint is:
[   12.393682] cloud-init[985]: SHA256:+KIgk02BGzAB9NFPoW2UJJWpQytYpgJRmQZk7DDcMbM root@ubuntu-bionic
[   12.394408] cloud-init[985]: The key's randomart image is:
[   12.394903] cloud-init[985]: +---[ECDSA 256]---+
[   12.395345] cloud-init[985]: |&OoBo.o==        |
[   12.395793] cloud-init[985]: |*==+=o==         |
[   12.396280] cloud-init[985]: |*o*E..=o         |
[   12.396726] cloud-init[985]: |.* o +.o         |
[   12.397172] cloud-init[985]: |o . . o S        |
[   12.397617] cloud-init[985]: | +     .         |
[   12.398071] cloud-init[985]: |+ o   . .        |
[   12.398509] cloud-init[985]: | o . . .         |
[   12.398954] cloud-init[985]: |    .            |
[   12.399394] cloud-init[985]: +----[SHA256]-----+
[   12.399833] cloud-init[985]: Generating public/private ed25519 key pair.
[   12.400421] cloud-init[985]: Your identification has been saved in /etc/ssh/ssh_host_ed25519_key.
[   12.401200] cloud-init[985]: Your public key has been saved in /etc/ssh/ssh_host_ed25519_key.pub.
[   12.401902] cloud-init[985]: The key fingerprint is:
[   12.402393] cloud-init[985]: SHA256:jJpaKFCyfzyounrRrxCUahYYeYOyjATJLfs++89g0Fk root@ubuntu-bionic
[   12.403096] cloud-init[985]: The key's randomart image is:
[   12.403709] cloud-init[985]: +--[ED25519 256]--+
[   12.404259] cloud-init[985]: |=+.              |
[   12.404806] cloud-init[985]: |*=oo             |
[   12.405460] cloud-init[985]: |B+*.   E         |
[   12.406031] cloud-init[985]: |oO. . oo         |
[   12.406611] cloud-init[985]: |+ooo o. S        |
[   12.407162] cloud-init[985]: |+..*oo           |
[   12.407789] cloud-init[985]: |. *.B+           |
[   12.408408] cloud-init[985]: | o.B..+          |
[   12.409056] cloud-init[985]: |Bo..=o.o         |
[   12.409595] cloud-init[985]: +----[SHA256]-----+
[[0;32m  OK  [0m] Started Initial cloud-init job (metadata service crawler).
[[0;32m  OK  [0m] Reached target Network is Online.
         Starting Availability of block devices...
[[0;32m  OK  [0m] Reached target Remote File Systems (Pre).
[[0;32m  OK  [0m] Reached target Remote File Systems.
[[0;32m  OK  [0m] Reached target System Initialization.
[[0;32m  OK  [0m] Started Daily Cleanup of Temporary Directories.
         Starting Socket activation for snappy daemon.
[[0;32m  OK  [0m] Started Daily apt download activities.
[[0;32m  OK  [0m] Started Daily apt upgrade and clean activities.
[[0;32m  OK  [0m] Started ACPI Events Check.
[[0;32m  OK  [0m] Reached target Paths.
[[0;32m  OK  [0m] Started Message of the Day.
[[0;32m  OK  [0m] Listening on cloud-init hotplug hook socket.
[[0;32m  OK  [0m] Listening on Open-iSCSI iscsid Socket.
[[0;32m  OK  [0m] Listening on UUID daemon activation socket.
[[0;32m  OK  [0m] Started Discard unused blocks once a week.
         Starting LXD - unix socket.
[[0;32m  OK  [0m] Listening on D-Bus System Message Bus Socket.
[[0;32m  OK  [0m] Listening on ACPID Listen Socket.
[[0;32m  OK  [0m] Started Ubuntu Advantage Timer for running repeated jobs.
[[0;32m  OK  [0m] Reached target Timers.
[[0;32m  OK  [0m] Reached target Cloud-config availability.
[[0;32m  OK  [0m] Listening on Socket activation for snappy daemon.
[[0;32m  OK  [0m] Listening on LXD - unix socket.
[[0;32m  OK  [0m] Reached target Sockets.
[[0;32m  OK  [0m] Reached target Basic System.
         Starting LSB: Record successful boot for GRUB...
[[0;32m  OK  [0m] Reached target Login Prompts (Pre).
         Starting Accounts Service...
         Starting System Logging Service...
[[0;32m  OK  [0m] Started FUSE filesystem for LXC.
[[0;32m  OK  [0m] Started D-Bus System Message Bus.
         Starting Permit User Sessions...
         Starting LSB: automatic crash report generation...
         Starting LXD - container startup/shutdown...
         Starting Virtualbox guest utils...
         Starting Login Service...
[[0;32m  OK  [0m] Started Deferred execution scheduler.
[[0;32m  OK  [0m] Started irqbalance daemon.
         Starting Pollinate to seed the pseudo random number generator...
[[0;32m  OK  [0m] Started Regular background program processing daemon.
         Starting Dispatcher daemon for systemd-networkd...
         Starting Snap Daemon...
[[0;32m  OK  [0m] Started System Logging Service.
[[0;32m  OK  [0m] Started Availability of block devices.
[[0;32m  OK  [0m] Started Permit User Sessions.
         Starting Terminate Plymouth Boot Screen...
         Starting Hold until boot process finishes up...
[[0;32m  OK  [0m] Started Hold until boot process finishes up.
[[0;32m  OK  [0m] Started Serial Getty on ttyS0.
         Starting Set console scheme...
[[0;32m  OK  [0m] Started LSB: automatic crash report generation.
[[0;32m  OK  [0m] Started Terminate Plymouth Boot Screen.
[[0;32m  OK  [0m] Started Set console scheme.
[[0;32m  OK  [0m] Started Login Service.
[[0;32m  OK  [0m] Started Unattended Upgrades Shutdown.
[[0;32m  OK  [0m] Created slice system-getty.slice.
[[0;32m  OK  [0m] Started Getty on tty1.
[[0;32m  OK  [0m] Reached target Login Prompts.
         Starting Authorization Manager...
[[0;32m  OK  [0m] Started LSB: Record successful boot for GRUB.
[[0;32m  OK  [0m] Started Authorization Manager.
[[0;32m  OK  [0m] Started Accounts Service.
[[0;32m  OK  [0m] Started LXD - container startup/shutdown.
[[0;32m  OK  [0m] Started Virtualbox guest utils.
[[0;32m  OK  [0m] Started Dispatcher daemon for systemd-networkd.
[[0;32m  OK  [0m] Started Snap Daemon.
         Starting Wait until snapd is fully seeded...
[[0;32m  OK  [0m] Started Pollinate to seed the pseudo random number generator.
         Starting OpenBSD Secure Shell server...
[[0;32m  OK  [0m] Started OpenBSD Secure Shell server.
[[0;32m  OK  [0m] Created slice User Slice of vagrant.
         Starting User Manager for UID 1000...
[[0;32m  OK  [0m] Started Session 1 of user vagrant.
[[0;32m  OK  [0m] Started User Manager for UID 1000.
         Starting Time & Date Service...
[[0;32m  OK  [0m] Started Time & Date Service.
[[0;32m  OK  [0m] Started Wait until snapd is fully seeded.
         Starting Apply the settings specified in cloud-config...
[   16.352491] cloud-init[1695]: Cloud-init v. 23.1.2-0ubuntu0~18.04.1 running 'modules:config' at Mon, 10 Mar 2025 00:13:13 +0000. Up 16.02 seconds.
[[0;32m  OK  [0m] Started Apply the settings specified in cloud-config.
[[0;32m  OK  [0m] Reached target Multi-User System.
[[0;32m  OK  [0m] Reached target Graphical Interface.
         Starting Update UTMP about System Runlevel Changes...
         Starting Execute cloud user/final scripts...
[[0;32m  OK  [0m] Started Update UTMP about System Runlevel Changes.
ci-info: no authorized SSH keys fingerprints found for user ubuntu.
<14>Mar 10 00:13:14 cloud-init: #############################################################
<14>Mar 10 00:13:15 cloud-init: -----BEGIN SSH HOST KEY FINGERPRINTS-----
<14>Mar 10 00:13:15 cloud-init: 1024 SHA256:kPQ4F+O4fyOaK3NVjmfHrpX65roSVquptZ16wsbzNFE root@ubuntu-bionic (DSA)
<14>Mar 10 00:13:15 cloud-init: 256 SHA256:+KIgk02BGzAB9NFPoW2UJJWpQytYpgJRmQZk7DDcMbM root@ubuntu-bionic (ECDSA)
<14>Mar 10 00:13:15 cloud-init: 256 SHA256:jJpaKFCyfzyounrRrxCUahYYeYOyjATJLfs++89g0Fk root@ubuntu-bionic (ED25519)
<14>Mar 10 00:13:15 cloud-init: 2048 SHA256:KfOgtzOPypY3q8QJ+vlQp3dRFqmMi09+Glc8TEyBCRg root@ubuntu-bionic (RSA)
<14>Mar 10 00:13:15 cloud-init: -----END SSH HOST KEY FINGERPRINTS-----
<14>Mar 10 00:13:15 cloud-init: #############################################################
-----BEGIN SSH HOST KEY KEYS-----
ecdsa-sha2-nistp256 AAAAE2VjZHNhLXNoYTItbmlzdHAyNTYAAAAIbmlzdHAyNTYAAABBBIXzVxNaTL6kseYmlOuDbXgTeGVJ5Mdgu/JRwotRmOLgqrB6+c3c5fEQMIuszlZ5pwLsgHdgGttUyV1v+UXPNfY= root@ubuntu-bionic
ssh-ed25519 AAAAC3NzaC1lZDI1NTE5AAAAILoTdw26dOiaU+l6KYNh3leI+RJrMFlZWA7Ay7DmSWw0 root@ubuntu-bionic
ssh-rsa AAAAB3NzaC1yc2EAAAADAQABAAABAQDxDjXZ06KW6hoJ1XY85IDFBSIFTY0JBgv1srMNQXDLQKY5VuJsw57+g3dTkb91baXzvFpG3C48YKJm9WViihP2TuCW0US+JwCfl788dH3LQFPnSpz5vaLjUfAxQJY4+BcU5pgTwIHnVgdUlQOYDYc0/NiDE4xnn9e+C/+BV/xlMr3WzuCgNLh9BoiXYThXMRb4fT8gk14h5Kq7ko+ZT5lRsqCtd7GEeQFJiHoJ0lOlhVzzgkLWiFWPlSv9PH503Q4LlIhxzWiFgDrWr3VWO+QpBEhskzeyw9XXkilnVMNZWXngEkfBhVq5xMIYg+Ofz7pa3DNqIlpfMYkXPKz2hd+T root@ubuntu-bionic
-----END SSH HOST KEY KEYS-----
[   17.076852] cloud-init[1838]: Cloud-init v. 23.1.2-0ubuntu0~18.04.1 running 'modules:final' at Mon, 10 Mar 2025 00:13:14 +0000. Up 16.88 seconds.
[   17.093641] cloud-init[1838]: Cloud-init v. 23.1.2-0ubuntu0~18.04.1 finished at Mon, 10 Mar 2025 00:13:15 +0000. Datasource DataSourceNoCloud [seed=/dev/sdb][dsmode=net].  Up 17.06 seconds
[[0;32m  OK  [0m] Started Execute cloud user/final scripts.
[[0;32m  OK  [0m] Reached target Cloud-init target.

Ubuntu 18.04.6 LTS ubuntu-bionic ttyS0

ubuntu-bionic login: 