[    0.000000] Linux version 4.15.0-212-generic (buildd@lcy02-amd64-083) (gcc version 7.5.0 (Ubuntu 7.5.0-3ubuntu1~18.04)) #223-Ubuntu SMP Tue May 23 13:09:22 UTC 2023 (Ubuntu 4.15.0-212.223-generic 4.15.18)
[    0.000000] Command line: BOOT_IMAGE=/boot/vmlinuz-4.15.0-212-generic root=LABEL=cloudimg-rootfs ro console=tty1 console=ttyS0
[    0.000000] KERNEL supported cpus:
[    0.000000]   Intel GenuineIntel
[    0.000000]   AMD AuthenticAMD
[    0.000000]   Centaur CentaurHauls
[    0.000000] [Firmware Bug]: TSC doesn't count with P0 frequency!
[    0.000000] x86/fpu: Supporting XSAVE feature 0x001: 'x87 floating point registers'
[    0.000000] x86/fpu: Supporting XSAVE feature 0x002: 'SSE registers'
[    0.000000] x86/fpu: Supporting XSAVE feature 0x004: 'AVX registers'
[    0.000000] x86/fpu: xstate_offset[2]:  576, xstate_sizes[2]:  256
[    0.000000] x86/fpu: Enabled xstate features 0x7, context size is 832 bytes, using 'standard' format.
[    0.000000] e820: BIOS-provided physical RAM map:
[    0.000000] BIOS-e820: [mem 0x0000000000000000-0x000000000009fbff] usable
[    0.000000] BIOS-e820: [mem 0x000000000009fc00-0x000000000009ffff] reserved
[    0.000000] BIOS-e820: [mem 0x00000000000f0000-0x00000000000fffff] reserved
[    0.000000] BIOS-e820: [mem 0x0000000000100000-0x00000000dffeffff] usable
[    0.000000] BIOS-e820: [mem 0x00000000dfff0000-0x00000000dfffffff] ACPI data
[    0.000000] BIOS-e820: [mem 0x00000000fec00000-0x00000000fec00fff] reserved
[    0.000000] BIOS-e820: [mem 0x00000000fee00000-0x00000000fee00fff] reserved
[    0.000000] BIOS-e820: [mem 0x00000000fffc0000-0x00000000ffffffff] reserved
[    0.000000] BIOS-e820: [mem 0x0000000100000000-0x000000011fffffff] usable
[    0.000000] NX (Execute Disable) protection: active
[    0.000000] SMBIOS 2.5 present.
[    0.000000] DMI: innotek GmbH VirtualBox/VirtualBox, BIOS VirtualBox 12/01/2006
[    0.000000] Hypervisor detected: KVM
[    0.000000] e820: last_pfn = 0x120000 max_arch_pfn = 0x400000000
[    0.000000] MTRR: Disabled
[    0.000000] x86/PAT: MTRRs disabled, skipping PAT initialization too.
[    0.000000] CPU MTRRs all blank - virtualized system.
[    0.000000] x86/PAT: Configuration [0-7]: WB  WT  UC- UC  WB  WT  UC- UC  
[    0.000000] e820: last_pfn = 0xdfff0 max_arch_pfn = 0x400000000
[    0.000000] found SMP MP-table at [mem 0x0009fff0-0x0009ffff]
[    0.000000] Scanning 1 areas for low memory corruption
[    0.000000] RAMDISK: [mem 0x359cb000-0x36cdcfff]
[    0.000000] ACPI: Early table checksum verification disabled
[    0.000000] ACPI: RSDP 0x00000000000E0000 000024 (v02 VBOX  )
[    0.000000] ACPI: XSDT 0x00000000DFFF0030 00003C (v01 VBOX   VBOXXSDT 00000001 ASL  00000061)
[    0.000000] ACPI: FACP 0x00000000DFFF00F0 0000F4 (v04 VBOX   VBOXFACP 00000001 ASL  00000061)
[    0.000000] ACPI: DSDT 0x00000000DFFF0610 002353 (v02 VBOX   VBOXBIOS 00000002 INTL 20100528)
[    0.000000] ACPI: FACS 0x00000000DFFF0200 000040
[    0.000000] ACPI: FACS 0x00000000DFFF0200 000040
[    0.000000] ACPI: APIC 0x00000000DFFF0240 00005C (v02 VBOX   VBOXAPIC 00000001 ASL  00000061)
[    0.000000] ACPI: SSDT 0x00000000DFFF02A0 00036C (v01 VBOX   VBOXCPUT 00000002 INTL 20100528)
[    0.000000] ACPI: Reserving FACP table memory at [mem 0xdfff00f0-0xdfff01e3]
[    0.000000] ACPI: Reserving DSDT table memory at [mem 0xdfff0610-0xdfff2962]
[    0.000000] ACPI: Reserving FACS table memory at [mem 0xdfff0200-0xdfff023f]
[    0.000000] ACPI: Reserving FACS table memory at [mem 0xdfff0200-0xdfff023f]
[    0.000000] ACPI: Reserving APIC table memory at [mem 0xdfff0240-0xdfff029b]
[    0.000000] ACPI: Reserving SSDT table memory at [mem 0xdfff02a0-0xdfff060b]
[    0.000000] No NUMA configuration found
[    0.000000] Faking a node at [mem 0x0000000000000000-0x000000011fffffff]
[    0.000000] NODE_DATA(0) allocated [mem 0x11ffd1000-0x11fffbfff]
[    0.000000] kvm-clock: cpu 0, msr 1:1ff50001, primary cpu clock
[    0.000000] kvm-clock: Using msrs 4b564d01 and 4b564d00
[    0.000000] kvm-clock: using sched offset of 2999491035 cycles
[    0.000000] clocksource: kvm-clock: mask: 0xffffffffffffffff max_cycles: 0x1cd42e4dffb, max_idle_ns: 881590591483 ns
[    0.000000] Zone ranges:
[    0.000000]   DMA      [mem 0x0000000000001000-0x0000000000ffffff]
[    0.000000]   DMA32    [mem 0x0000000001000000-0x00000000ffffffff]
[    0.000000]   Normal   [mem 0x0000000100000000-0x000000011fffffff]
[    0.000000]   Device   empty
[    0.000000] Movable zone start for each node
[    0.000000] Early memory node ranges
[    0.000000]   node   0: [mem 0x0000000000001000-0x000000000009efff]
[    0.000000]   node   0: [mem 0x0000000000100000-0x00000000dffeffff]
[    0.000000]   node   0: [mem 0x0000000100000000-0x000000011fffffff]
[    0.000000] Reserved but unavailable: 104 pages
[    0.000000] Initmem setup node 0 [mem 0x0000000000001000-0x000000011fffffff]
[    0.000000] ACPI: PM-Timer IO Port: 0x4008
[    0.000000] IOAPIC[0]: apic_id 2, version 32, address 0xfec00000, GSI 0-23
[    0.000000] ACPI: INT_SRC_OVR (bus 0 bus_irq 0 global_irq 2 dfl dfl)
[    0.000000] ACPI: INT_SRC_OVR (bus 0 bus_irq 9 global_irq 9 low level)
[    0.000000] Using ACPI (MADT) for SMP configuration information
[    0.000000] smpboot: Allowing 2 CPUs, 0 hotplug CPUs
[    0.000000] PM: Registered nosave memory: [mem 0x00000000-0x00000fff]
[    0.000000] PM: Registered nosave memory: [mem 0x0009f000-0x0009ffff]
[    0.000000] PM: Registered nosave memory: [mem 0x000a0000-0x000effff]
[    0.000000] PM: Registered nosave memory: [mem 0x000f0000-0x000fffff]
[    0.000000] PM: Registered nosave memory: [mem 0xdfff0000-0xdfffffff]
[    0.000000] PM: Registered nosave memory: [mem 0xe0000000-0xfebfffff]
[    0.000000] PM: Registered nosave memory: [mem 0xfec00000-0xfec00fff]
[    0.000000] PM: Registered nosave memory: [mem 0xfec01000-0xfedfffff]
[    0.000000] PM: Registered nosave memory: [mem 0xfee00000-0xfee00fff]
[    0.000000] PM: Registered nosave memory: [mem 0xfee01000-0xfffbffff]
[    0.000000] PM: Registered nosave memory: [mem 0xfffc0000-0xffffffff]
[    0.000000] e820: [mem 0xe0000000-0xfebfffff] available for PCI devices
[    0.000000] Booting paravirtualized kernel on KVM
[    0.000000] clocksource: refined-jiffies: mask: 0xffffffff max_cycles: 0xffffffff, max_idle_ns: 7645519600211568 ns
[    0.000000] setup_percpu: NR_CPUS:8192 nr_cpumask_bits:2 nr_cpu_ids:2 nr_node_ids:1
[    0.000000] percpu: Embedded 50 pages/cpu s167936 r8192 d28672 u1048576
[    0.000000] PV qspinlock hash table entries: 256 (order: 0, 4096 bytes)
[    0.000000] Built 1 zonelists, mobility grouping on.  Total pages: 1032057
[    0.000000] Policy zone: Normal
[    0.000000] Kernel command line: BOOT_IMAGE=/boot/vmlinuz-4.15.0-212-generic root=LABEL=cloudimg-rootfs ro console=tty1 console=ttyS0
[    0.000000] Memory: 4013252K/4193848K available (12300K kernel code, 2477K rwdata, 4324K rodata, 2480K init, 2720K bss, 180596K reserved, 0K cma-reserved)
[    0.000000] SLUB: HWalign=64, Order=0-3, MinObjects=0, CPUs=2, Nodes=1
[    0.000000] ftrace: allocating 39508 entries in 155 pages
[    0.004000] Hierarchical RCU implementation.
[    0.004000] 	RCU restricting CPUs from NR_CPUS=8192 to nr_cpu_ids=2.
[    0.004000] 	Tasks RCU enabled.
[    0.004000] RCU: Adjusting geometry for rcu_fanout_leaf=16, nr_cpu_ids=2
[    0.004000] NR_IRQS: 524544, nr_irqs: 440, preallocated irqs: 16
[    0.004000] random: crng init done
[    0.004000] Console: colour VGA+ 80x25
[    0.004000] console [tty1] enabled
[    0.004000] console [ttyS0] enabled
[    0.004000] ACPI: Core revision 20170831
[    0.004000] ACPI: 2 ACPI AML tables successfully acquired and loaded
[    0.004000] APIC: Switch to symmetric I/O mode setup
[    0.004000] x2apic enabled
[    0.004000] Switched APIC routing to physical x2apic.
[    0.004000] ..TIMER: vector=0x30 apic1=0 pin1=2 apic2=-1 pin2=-1
[    0.004000] tsc: Detected 3293.814 MHz processor
[    0.004000] Calibrating delay loop (skipped) preset value.. 6587.62 BogoMIPS (lpj=13175256)
[    0.004000] pid_max: default: 32768 minimum: 301
[    0.004000] Security Framework initialized
[    0.004000] Yama: becoming mindful.
[    0.004000] AppArmor: AppArmor initialized
[    0.004000] Dentry cache hash table entries: 524288 (order: 10, 4194304 bytes)
[    0.004000] Inode-cache hash table entries: 262144 (order: 9, 2097152 bytes)
[    0.004000] Mount-cache hash table entries: 8192 (order: 4, 65536 bytes)
[    0.004000] Mountpoint-cache hash table entries: 8192 (order: 4, 65536 bytes)
[    0.004000] Last level iTLB entries: 4KB 512, 2MB 512, 4MB 256
[    0.004000] Last level dTLB entries: 4KB 2048, 2MB 2048, 4MB 1024, 1GB 0
[    0.004000] Spectre V1 : Mitigation: usercopy/swapgs barriers and __user pointer sanitization
[    0.004000] Spectre V2 : Mitigation: Retpolines
[    0.004000] Spectre V2 : Spectre v2 / SpectreRSB mitigation: Filling RSB on context switch
[    0.004000] Spectre V2 : Spectre v2 / SpectreRSB : Filling RSB on VMEXIT
[    0.004000] Freeing SMP alternatives memory: 36K
[    0.122247] APIC calibration not consistent with PM-Timer: 110ms instead of 100ms
[    0.123310] APIC delta adjusted to PM-Timer: 6457217 (7140580)
[    0.124054] smpboot: CPU0: AMD Ryzen 5 5600H with Radeon Graphics (family: 0x19, model: 0x50, stepping: 0x0)
[    0.125413] Performance Events: PMU not available due to virtualization, using software events only.
[    0.126681] Hierarchical SRCU implementation.
[    0.127883] NMI watchdog: Perf event create on CPU 0 failed with -2
[    0.128001] NMI watchdog: Perf NMI watchdog permanently disabled
[    0.128864] smp: Bringing up secondary CPUs ...
[    0.130254] x86: Booting SMP configuration:
[    0.130905] .... node  #0, CPUs:      #1
[    0.004000] kvm-clock: cpu 1, msr 1:1ff50041, secondary cpu clock
[    0.134850] smp: Brought up 1 node, 2 CPUs
[    0.134850] smpboot: Max logical packages: 1
[    0.134850] smpboot: Total of 2 processors activated (13175.25 BogoMIPS)
[    0.136102] devtmpfs: initialized
[    0.136446] x86/mm: Memory block size: 128MB
[    0.137152] evm: security.selinux
[    0.137551] evm: security.SMACK64
[    0.137957] evm: security.SMACK64EXEC
[    0.138388] evm: security.SMACK64TRANSMUTE
[    0.138863] evm: security.SMACK64MMAP
[    0.139289] evm: security.apparmor
[    0.139687] evm: security.ima
[    0.140000] evm: security.capability
[    0.140054] clocksource: jiffies: mask: 0xffffffff max_cycles: 0xffffffff, max_idle_ns: 7645041785100000 ns
[    0.141212] futex hash table entries: 512 (order: 3, 32768 bytes)
[    0.142047] pinctrl core: initialized pinctrl subsystem
[    0.142047] RTC time: 23:00:54, date: 03/09/25
[    0.142047] NET: Registered protocol family 16
[    0.142047] audit: initializing netlink subsys (disabled)
[    0.144017] audit: type=2000 audit(1741561258.452:1): state=initialized audit_enabled=0 res=1
[    0.145096] cpuidle: using governor ladder
[    0.145096] cpuidle: using governor menu
[    0.148029] ACPI: bus type PCI registered
[    0.148504] acpiphp: ACPI Hot Plug PCI Controller Driver version: 0.5
[    0.149261] PCI: Using configuration type 1 for base access
[    0.149879] PCI: Using configuration type 1 for extended access
[    0.150544] HugeTLB registered 2.00 MiB page size, pre-allocated 0 pages
[    0.150544] ACPI: Added _OSI(Module Device)
[    0.150544] ACPI: Added _OSI(Processor Device)
[    0.150544] ACPI: Added _OSI(3.0 _SCP Extensions)
[    0.150544] ACPI: Added _OSI(Processor Aggregator Device)
[    0.150544] ACPI: Added _OSI(Linux-Dell-Video)
[    0.150673] ACPI: Added _OSI(Linux-Lenovo-NV-HDMI-Audio)
[    0.152002] ACPI: Added _OSI(Linux-HPI-Hybrid-Graphics)
[    0.152766] ACPI: Executed 1 blocks of module-level executable AML code
[    0.156616] ACPI: Interpreter enabled
[    0.157157] ACPI: (supports S0 S5)
[    0.157655] ACPI: Using IOAPIC for interrupt routing
[    0.158550] PCI: Using host bridge windows from ACPI; if necessary, use "pci=nocrs" and report a bug
[    0.160139] ACPI: Enabled 2 GPEs in block 00 to 07
[    0.165796] ACPI: PCI Root Bridge [PCI0] (domain 0000 [bus 00-ff])
[    0.166635] acpi PNP0A03:00: _OSC: OS supports [ExtendedConfig ASPM ClockPM Segments MSI]
[    0.168921] acpi PNP0A03:00: _OSC: platform does not support [PCIeCapability]
[    0.170327] acpi PNP0A03:00: _OSC: not requesting control; platform does not support [PCIeCapability]
[    0.171543] acpi PNP0A03:00: _OSC: OS requested [PCIeHotplug PME AER PCIeCapability]
[    0.172002] acpi PNP0A03:00: _OSC: platform willing to grant [PCIeHotplug PME AER]
[    0.173029] acpi PNP0A03:00: _OSC failed (AE_SUPPORT); disabling ASPM
[    0.174193] PCI host bridge to bus 0000:00
[    0.174768] pci_bus 0000:00: root bus resource [io  0x0000-0x0cf7 window]
[    0.175654] pci_bus 0000:00: root bus resource [io  0x0d00-0xffff window]
[    0.176002] pci_bus 0000:00: root bus resource [mem 0x000a0000-0x000bffff window]
[    0.177021] pci_bus 0000:00: root bus resource [mem 0xe0000000-0xfdffffff window]
[    0.178032] pci_bus 0000:00: root bus resource [bus 00-ff]
[    0.181033] pci 0000:00:01.1: legacy IDE quirk: reg 0x10: [io  0x01f0-0x01f7]
[    0.181962] pci 0000:00:01.1: legacy IDE quirk: reg 0x14: [io  0x03f6]
[    0.182818] pci 0000:00:01.1: legacy IDE quirk: reg 0x18: [io  0x0170-0x0177]
[    0.183742] pci 0000:00:01.1: legacy IDE quirk: reg 0x1c: [io  0x0376]
[    0.210929] pci 0000:00:07.0: quirk: [io  0x4000-0x403f] claimed by PIIX4 ACPI
[    0.211803] pci 0000:00:07.0: quirk: [io  0x4100-0x410f] claimed by PIIX4 SMB
[    0.225214] ACPI: PCI Interrupt Link [LNKA] (IRQs 5 9 10 *11)
[    0.226267] ACPI: PCI Interrupt Link [LNKB] (IRQs 5 9 *10 11)
[    0.227149] ACPI: PCI Interrupt Link [LNKC] (IRQs 5 *9 10 11)
[    0.228083] ACPI: PCI Interrupt Link [LNKD] (IRQs 5 9 10 *11)
[    0.229209] SCSI subsystem initialized
[    0.232042] pci 0000:00:02.0: vgaarb: setting as boot VGA device
[    0.232823] pci 0000:00:02.0: vgaarb: VGA device added: decodes=io+mem,owns=io+mem,locks=none
[    0.233995] pci 0000:00:02.0: vgaarb: bridge control possible
[    0.233995] vgaarb: loaded
[    0.233995] ACPI: bus type USB registered
[    0.233995] usbcore: registered new interface driver usbfs
[    0.233995] usbcore: registered new interface driver hub
[    0.234523] usbcore: registered new device driver usb
[    0.236038] EDAC MC: Ver: 3.0.0
[    0.236671] PCI: Using ACPI for IRQ routing
[    0.240048] NetLabel: Initializing
[    0.240591] NetLabel:  domain hash size = 128
[    0.241253] NetLabel:  protocols = UNLABELED CIPSOv4 CALIPSO
[    0.242034] NetLabel:  unlabeled traffic allowed by default
[    0.244083] clocksource: Switched to clocksource kvm-clock
[    0.256939] VFS: Disk quotas dquot_6.6.0
[    0.257563] VFS: Dquot-cache hash table entries: 512 (order 0, 4096 bytes)
[    0.258592] AppArmor: AppArmor Filesystem Enabled
[    0.259287] pnp: PnP ACPI init
[    0.260710] pnp: PnP ACPI: found 3 devices
[    0.268588] clocksource: acpi_pm: mask: 0xffffff max_cycles: 0xffffff, max_idle_ns: 2085701024 ns
[    0.269826] NET: Registered protocol family 2
[    0.270494] IP idents hash table entries: 65536 (order: 7, 524288 bytes)
[    0.271766] TCP established hash table entries: 32768 (order: 6, 262144 bytes)
[    0.272818] TCP bind hash table entries: 32768 (order: 7, 524288 bytes)
[    0.274493] TCP: Hash tables configured (established 32768 bind 32768)
[    0.275439] UDP hash table entries: 2048 (order: 4, 65536 bytes)
[    0.276239] UDP-Lite hash table entries: 2048 (order: 4, 65536 bytes)
[    0.277165] NET: Registered protocol family 1
[    0.277784] pci 0000:00:00.0: Limiting direct PCI/PCI transfers
[    0.278591] pci 0000:00:01.0: Activating ISA DMA hang workarounds
[    0.279421] pci 0000:00:02.0: Video device with shadowed ROM at [mem 0x000c0000-0x000dffff]
[    0.280639] Unpacking initramfs...
[    0.498657] Freeing initrd memory: 19528K
[    0.499227] PCI-DMA: Using software bounce buffering for IO (SWIOTLB)
[    0.499941] software IO TLB: mapped [mem 0xdbff0000-0xdfff0000] (64MB)
[    0.500702] clocksource: tsc: mask: 0xffffffffffffffff max_cycles: 0x2f7a78d8787, max_idle_ns: 440795347541 ns
[    0.501813] platform rtc_cmos: registered platform RTC device (no PNP device found)
[    0.502843] Scanning for low memory corruption every 60 seconds
[    0.504157] Initialise system trusted keyrings
[    0.504890] Key type blacklist registered
[    0.505493] workingset: timestamp_bits=36 max_order=20 bucket_order=0
[    0.509037] zbud: loaded
[    0.509832] squashfs: version 4.0 (2009/01/31) Phillip Lougher
[    0.510808] fuse init (API version 7.26)
[    0.513387] Key type asymmetric registered
[    0.513963] Asymmetric key parser 'x509' registered
[    0.514648] Block layer SCSI generic (bsg) driver version 0.4 loaded (major 246)
[    0.515687] io scheduler noop registered
[    0.516253] io scheduler deadline registered
[    0.516860] io scheduler cfq registered (default)
[    0.517737] ACPI: AC Adapter [AC] (on-line)
[    0.518359] input: Power Button as /devices/LNXSYSTM:00/LNXPWRBN:00/input/input0
[    0.519387] ACPI: Power Button [PWRF]
[    0.519950] input: Sleep Button as /devices/LNXSYSTM:00/LNXSLPBN:00/input/input1
[    0.520969] ACPI: Sleep Button [SLPF]
[    0.521707] Serial: 8250/16550 driver, 32 ports, IRQ sharing enabled
[    0.522282] ACPI: Battery Slot [BAT0] (battery present)
[    0.543488] 00:02: ttyS0 at I/O 0x3f8 (irq = 4, base_baud = 115200) is a 16550A
[    0.546380] Linux agpgart interface v0.103
[    0.549069] loop: module loaded
[    0.550041] scsi host0: ata_piix
[    0.550638] scsi host1: ata_piix
[    0.551140] ata1: PATA max UDMA/33 cmd 0x1f0 ctl 0x3f6 bmdma 0xd000 irq 14
[    0.552013] ata2: PATA max UDMA/33 cmd 0x170 ctl 0x376 bmdma 0xd008 irq 15
[    0.553131] tun: Universal TUN/TAP device driver, 1.6
[    0.553853] PPP generic driver version 2.4.2
[    0.554478] ehci_hcd: USB 2.0 'Enhanced' Host Controller (EHCI) Driver
[    0.555331] ehci-pci: EHCI PCI platform driver
[    0.555949] ehci-platform: EHCI generic platform driver
[    0.556655] ohci_hcd: USB 1.1 'Open' Host Controller (OHCI) Driver
[    0.557471] ohci-pci: OHCI PCI platform driver
[    0.558064] ohci-platform: OHCI generic platform driver
[    0.558765] uhci_hcd: USB Universal Host Controller Interface driver
[    0.559616] i8042: PNP: PS/2 Controller [PNP0303:PS2K,PNP0f03:PS2M] at 0x60,0x64 irq 1,12
[    0.561079] serio: i8042 KBD port at 0x60,0x64 irq 1
[    0.561762] serio: i8042 AUX port at 0x60,0x64 irq 12
[    0.562536] mousedev: PS/2 mouse device common for all mice
[    0.563685] input: AT Translated Set 2 keyboard as /devices/platform/i8042/serio0/input/input2
[    0.564839] rtc_cmos rtc_cmos: rtc core: registered rtc_cmos as rtc0
[    0.565743] rtc_cmos rtc_cmos: alarms up to one day, 114 bytes nvram
[    0.566597] i2c /dev entries driver
[    0.567144] device-mapper: uevent: version 1.0.3
[    0.567849] device-mapper: ioctl: 4.37.0-ioctl (2017-09-20) initialised: dm-devel@redhat.com
[    0.569047] ledtrig-cpu: registered to indicate activity on CPUs
[    0.570063] NET: Registered protocol family 10
[    0.573586] Segment Routing with IPv6
[    0.574128] NET: Registered protocol family 17
[    0.574790] Key type dns_resolver registered
[    0.575509] mce: Using 0 MCE banks
[    0.575999] RAS: Correctable Errors collector initialized.
[    0.576753] sched_clock: Marking stable (576729252, 0)->(770530699, -193801447)
[    0.577994] registered taskstats version 1
[    0.578559] Loading compiled-in X.509 certificates
[    0.580805] Loaded X.509 cert 'Build time autogenerated kernel key: b5b26778eaa3ab3a4a6cee031137706e947d12ad'
[    0.582516] Loaded X.509 cert 'Canonical Ltd. Live Patch Signing: 14df34d1a87cf37625abec039ef2bf521249b969'
[    0.584225] Loaded X.509 cert 'Canonical Ltd. Kernel Module Signing: 88f752e560a1e0737e31163a466ad7b70a850c19'
[    0.585529] blacklist: Loading compiled-in revocation X.509 certificates
[    0.586429] Loaded X.509 cert 'Canonical Ltd. Secure Boot Signing: 61482aa2830d0ab2ad5af10b7250da9033ddcef0'
[    0.587723] Loaded X.509 cert 'Canonical Ltd. Secure Boot Signing (2017): 242ade75ac4a15e50d50c84b0d45ff3eae707a03'
[    0.589096] Loaded X.509 cert 'Canonical Ltd. Secure Boot Signing (ESM 2018): 365188c1d374d6b07c3c8f240f8ef722433d6a8b'
[    0.590501] Loaded X.509 cert 'Canonical Ltd. Secure Boot Signing (2019): c0746fd6c5da3ae827864651ad66ae47fe24b3e8'
[    0.591870] Loaded X.509 cert 'Canonical Ltd. Secure Boot Signing (2021 v1): a8d54bbb3825cfb94fa13c9f8a594a195c107b8d'
[    0.593276] Loaded X.509 cert 'Canonical Ltd. Secure Boot Signing (2021 v2): 4cf046892d6fd3c9a5b03f98d845f90851dc6a8c'
[    0.594676] Loaded X.509 cert 'Canonical Ltd. Secure Boot Signing (2021 v3): 100437bb6de6e469b581e61cd66bce3ef4ed53af'
[    0.596068] Loaded X.509 cert 'Canonical Ltd. Secure Boot Signing (Ubuntu Core 2019): c1d57b8f6b743f23ee41f4f7ee292f06eecadfb9'
[    0.597564] zswap: loaded using pool lzo/zbud
[    0.600526] Key type big_key registered
[    0.601070] Key type trusted registered
[    0.602713] Key type encrypted registered
[    0.603285] AppArmor: AppArmor sha1 policy hashing enabled
[    0.604029] ima: No TPM chip found, activating TPM-bypass! (rc=-19)
[    0.604887] ima: Allocated hash algorithm: sha1
[    0.605514] evm: HMAC attrs: 0x1
[    0.606178]   Magic number: 1:61:49
[    0.606751] rtc_cmos rtc_cmos: setting system clock to 2025-03-09 23:00:54 UTC (1741561254)
[    0.607939] BIOS EDD facility v0.16 2004-Jun-25, 0 devices found
[    0.608767] EDD information not available.
[    0.740412] Freeing unused kernel image memory: 2480K
[    0.752748] Write protecting the kernel read-only data: 20480k
[    0.753997] Freeing unused kernel image memory: 2008K
[    0.754991] Freeing unused kernel image memory: 1820K
[    0.763972] x86/mm: Checked W+X mappings: passed, no W+X pages found.
Loading, please wait...
starting version 237
[    0.820386] Fusion MPT base driver 3.04.20
[    0.821022] Copyright (c) 1999-2008 LSI Corporation
[    0.823084] e1000: Intel(R) PRO/1000 Network Driver - version 7.3.21-k8-NAPI
[    0.824077] e1000: Copyright (c) 1999-2006 Intel Corporation.
[    0.827276] Fusion MPT SPI Host driver 3.04.20
[    0.840546] AVX2 version of gcm_enc/dec engaged.
[    0.841245] AES CTR mode by8 optimization enabled
[    1.029288] input: ImExPS/2 Generic Explorer Mouse as /devices/platform/i8042/serio1/input/input4
[    1.179609] e1000 0000:00:03.0 eth0: (PCI:33MHz:32-bit) 02:3b:7b:b7:3b:2d
[    1.180550] e1000 0000:00:03.0 eth0: Intel(R) PRO/1000 Network Connection
[    1.531965] e1000 0000:00:08.0 eth1: (PCI:33MHz:32-bit) 08:00:27:ad:af:54
[    1.532899] e1000 0000:00:08.0 eth1: Intel(R) PRO/1000 Network Connection
[    1.534536] e1000 0000:00:03.0 enp0s3: renamed from eth0
[    1.535796] mptbase: ioc0: Initiating bringup
[    1.548579] e1000 0000:00:08.0 enp0s8: renamed from eth1
[    1.648989] ioc0: LSI53C1030 A0: Capabilities={Initiator}
[    1.889418] scsi host2: ioc0: LSI53C1030 A0, FwRev=00000000h, Ports=1, MaxQ=256, IRQ=20
[    2.904212] scsi 2:0:0:0: Direct-Access     VBOX     HARDDISK         1.0  PQ: 0 ANSI: 5
[    3.196568] scsi target2:0:0: Beginning Domain Validation
[    3.198106] scsi target2:0:0: Domain Validation skipping write tests
[    3.199028] scsi target2:0:0: Ending Domain Validation
[    3.199689] scsi target2:0:0: asynchronous
[    3.200432] scsi 2:0:1:0: Direct-Access     VBOX     HARDDISK         1.0  PQ: 0 ANSI: 5
[    3.536463] scsi target2:0:1: Beginning Domain Validation
[    3.537823] scsi target2:0:1: Domain Validation skipping write tests
[    3.538698] scsi target2:0:1: Ending Domain Validation
[    3.539442] scsi target2:0:1: asynchronous
[    3.542436] sd 2:0:0:0: Attached scsi generic sg0 type 0
[    3.543355] sd 2:0:1:0: Attached scsi generic sg1 type 0
[    3.544186] sd 2:0:0:0: [sda] 83886080 512-byte logical blocks: (42.9 GB/40.0 GiB)
[    3.544218] sd 2:0:1:0: [sdb] 20480 512-byte logical blocks: (10.5 MB/10.0 MiB)
[    3.546160] sd 2:0:0:0: [sda] Write Protect is off
[    3.546179] sd 2:0:1:0: [sdb] Write Protect is off
[    3.547558] sd 2:0:1:0: [sdb] Incomplete mode parameter data
[    3.547562] sd 2:0:0:0: [sda] Incomplete mode parameter data
[    3.548410] sd 2:0:1:0: [sdb] Assuming drive cache: write through
[    3.549294] sd 2:0:0:0: [sda] Assuming drive cache: write through
[    3.552305]  sda: sda1
[    3.553291] sd 2:0:0:0: [sda] Attached SCSI disk
[    3.556754] sd 2:0:1:0: [sdb] Attached SCSI disk
Begin: Loading essential drivers ... [    4.984718] raid6: sse2x1   gen()  6070 MB/s
[    5.032349] raid6: sse2x1   xor()  8618 MB/s
[    5.080106] raid6: sse2x2   gen() 12783 MB/s
[    5.128183] raid6: sse2x2   xor()  9485 MB/s
[    5.176261] raid6: sse2x4   gen() 17088 MB/s
[    5.224611] raid6: sse2x4   xor() 10922 MB/s
[    5.272244] raid6: avx2x1   gen() 16175 MB/s
[    5.320411] raid6: avx2x1   xor() 16162 MB/s
[    5.368482] raid6: avx2x2   gen() 22818 MB/s
[    5.416580] raid6: avx2x2   xor() 17353 MB/s
[    5.464368] raid6: avx2x4   gen() 28101 MB/s
[    5.512424] raid6: avx2x4   xor() 13591 MB/s
[    5.513025] raid6: using algorithm avx2x4 gen() 28101 MB/s
[    5.513762] raid6: .... xor() 13591 MB/s, rmw enabled
[    5.514446] raid6: using avx2x2 recovery algorithm
[    5.515874] xor: automatically using best checksumming function   avx       
[    5.517480] async_tx: api initialized (async)
done.
Begin: Running /scripts/init-premount ... done.
Begin: Mounting root file system ... Begin: Running /scripts/local-top ... done.
Begin: Running /scripts/local-premount ... [    5.549388] Btrfs loaded, crc32c=crc32c-intel
Scanning for Btrfs filesystems
done.
Warning: fsck not present, so skipping root file system
[    5.578937] EXT4-fs (sda1): mounted filesystem with ordered data mode. Opts: (null)
done.
Begin: Running /scripts/local-bottom ... done.
Begin: Running /scripts/init-bottom ... done.
[    5.701999] ip_tables: (C) 2000-2006 Netfilter Core Team
[    5.710300] systemd[1]: systemd 237 running in system mode. (+PAM +AUDIT +SELINUX +IMA +APPARMOR +SMACK +SYSVINIT +UTMP +LIBCRYPTSETUP +GCRYPT +GNUTLS +ACL +XZ +LZ4 +SECCOMP +BLKID +ELFUTILS +KMOD -IDN2 +IDN -PCRE2 default-hierarchy=hybrid)
[    5.712645] systemd[1]: Detected virtualization oracle.
[    5.713292] systemd[1]: Detected architecture x86-64.

Welcome to [1mUbuntu 18.04.6 LTS[0m!

[    5.717957] systemd[1]: Set hostname to <ubuntu>.
[    5.720283] systemd[1]: Initializing machine ID from random generator.
[    5.721172] systemd[1]: Installed transient /etc/machine-id file.
[    5.917765] systemd[1]: Created slice System Slice.
[[0;32m  OK  [0m] Created slice System Slice.
[    5.918959] systemd[1]: Reached target Swap.
[[0;32m  OK  [0m] Reached target Swap.
[    5.920128] systemd[1]: Reached target System Time Synchronized.
[[0;32m  OK  [0m] Reached target System Time Synchronized.
[    5.921422] systemd[1]: Created slice User and Session Slice.
[[0;32m  OK  [0m] Created slice User and Session Slice.
[[0;32m  OK  [0m] Reached target Slices.
[[0;32m  OK  [0m] Set up automount Arbitrary Executabâ€¦rmats File System Automount Point.
[[0;32m  OK  [0m] Listening on Journal Socket.
         Mounting POSIX Message Queue File System...
         Starting Uncomplicated firewall...
         Starting Set the console keyboard layout...
[[0;32m  OK  [0m] Listening on udev Kernel Socket.
         Mounting Huge Pages File System...
[[0;32m  OK  [0m] Created slice system-serial\x2dgetty.slice.
         Starting Load Kernel Modules...
[[0;32m  OK  [0m] Listening on Network Service Netlink Socket.
         Starting Create list of required stâ€¦ce nodes for the current kernel...
[[0;32m  OK  [0m] Reached target User and Group Name Lookups.
[[0;32m  OK  [0m] Reached target Mounting snaps.
[[0;32m  OK  [0m] Reached target Mounted snaps.
[[0;32m  OK  [0m] Listening on LVM2 metadata daemon socket.
[[0;32m  OK  [0m] Listening on fsck to fsckd communication Socket.
         Starting File System Check on Root Device...
         Mounting Kernel Debug File System...
[[0;32m  OK  [0m] Listening on /dev/initctl Compatibility Named Pipe.
[[0;32m  OK  [0m] Listening on Journal Audit Socket.
[[0;32m  OK  [0m] Listening on Journal Socket (/dev/log).
[[0;32m  OK  [0m] Listening on LVM2 poll daemon socket.
[[0;32m  OK  [0m] Started Forward Password Requests to Wall Directory Watch.
[[0;32m  OK  [0m] Listening on udev Control Socket.
         Starting udev Coldplug all Devices...
[[0;32m  OK  [0m] Listening on Syslog Socket.
         Starting Journal Service...
[[0;32m  OK  [0m] Listening on Device-mapper event daemon FIFOs.
         Starting Monitoring of LVM2 mirrorsâ€¦ng dmeventd or progress polling...
[[0;32m  OK  [0m] Mounted POSIX Message Queue File System.
[[0;32m  OK  [0m] Started Uncomplicated firewall.
[[0;32m  OK  [0m] Mounted Huge Pages File System.
[[0;32m  OK  [0m] Mounted Kernel Debug File System.
[    5.958218] Loading iSCSI transport class v2.0-870.
[    5.962809] iscsi: registered transport (tcp)
[    5.976253] iscsi: registered transport (iser)
[[0;32m  OK  [0m] Started Load Kernel Modules.
         Mounting FUSE Control File System...
         Starting Apply Kernel Variables...
         Mounting Kernel Configuration File System...
[[0;32m  OK  [0m] Started Create list of required staâ€¦vice nodes for the current kernel.
[[0;32m  OK  [0m] Mounted FUSE Control File System.
[[0;32m  OK  [0m] Mounted Kernel Configuration File System.
[[0;32m  OK  [0m] Started File System Check Daemon to report status.
         Starting Create Static Device Nodes in /dev...
[[0;32m  OK  [0m] Started LVM2 metadata daemon.
[[0;32m  OK  [0m] Started udev Coldplug all Devices.
[[0;32m  OK  [0m] Started Journal Service.
[[0;32m  OK  [0m] Started Create Static Device Nodes in /dev.
[[0;32m  OK  [0m] Started Apply Kernel Variables.
[[0;32m  OK  [0m] Started File System Check on Root Device.
         Starting Remount Root and Kernel File Systems...
[[0;32m  OK  [0m] Started Monitoring of LVM2 mirrors,â€¦sing dmeventd or progress polling.
[[0;32m  OK  [0m] Started Remount Root and Kernel File Systems.
         Starting udev Kernel Device Manager...
         Starting Flush Journal to Persistent Storage...
         Starting Load/Save Random Seed...
[[0;32m  OK  [0m] Started Load/Save Random Seed.
[[0;32m  OK  [0m] Started udev Kernel Device Manager.
[[0;32m  OK  [0m] Started Flush Journal to Persistent Storage.
[[0;32m  OK  [0m] Found device /dev/ttyS0.
[[0;32m  OK  [0m] Listening on Load/Save RF Kill Switch Status /dev/rfkill Watch.
         Mounting Arbitrary Executable File Formats File System...
[[0;32m  OK  [0m] Mounted Arbitrary Executable File Formats File System.
[[0;32m  OK  [0m] Started Set the console keyboard layout.
[[0;32m  OK  [0m] Started Dispatch Password Requests to Console Directory Watch.
[[0;32m  OK  [0m] Reached target Local Encrypted Volumes.
[[0;32m  OK  [0m] Reached target Local File Systems (Pre).
[[0;32m  OK  [0m] Reached target Local File Systems.
         Starting Set console font and keymap...
         Starting Commit a transient machine-id on disk...
         Starting ebtables ruleset management...
         Starting Create Volatile Files and Directories...
         Starting AppArmor initialization...
         Starting Tell Plymouth To Write Out Runtime Data...
[[0;32m  OK  [0m] Started Tell Plymouth To Write Out Runtime Data.
[[0;32m  OK  [0m] Started Create Volatile Files and Directories.
         Starting Update UTMP about System Boot/Shutdown...
[[0;32m  OK  [0m] Started Update UTMP about System Boot/Shutdown.
[[0;32m  OK  [0m] Started Commit a transient machine-id on disk.
[[0;32m  OK  [0m] Started ebtables ruleset management.
[[0;32m  OK  [0m] Started Set console font and keymap.
[[0;32m  OK  [0m] Started AppArmor initialization.
         Starting Load AppArmor profiles managed internally by snapd...
         Starting Initial cloud-init job (pre-networking)...
[[0;32m  OK  [0m] Started Load AppArmor profiles managed internally by snapd.
[    9.480592] cloud-init[918]: Cloud-init v. 23.1.2-0ubuntu0~18.04.1 running 'init-local' at Sun, 09 Mar 2025 23:01:03 +0000. Up 9.15 seconds.
[[0;32m  OK  [0m] Started Initial cloud-init job (pre-networking).
[[0;32m  OK  [0m] Reached target Network (Pre).
         Starting Network Service...
[[0;32m  OK  [0m] Started Network Service.
         Starting Network Name Resolution...
         Starting Wait for Network to be Configured...
[[0;32m  OK  [0m] Started Network Name Resolution.
[[0;32m  OK  [0m] Reached target Host and Network Name Lookups.
[[0;32m  OK  [0m] Reached target Network.
[[0;32m  OK  [0m] Started Wait for Network to be Configured.
         Starting Initial cloud-init job (metadata service crawler)...
[   11.755328] cloud-init[1052]: Cloud-init v. 23.1.2-0ubuntu0~18.04.1 running 'init' at Sun, 09 Mar 2025 23:01:05 +0000. Up 11.59 seconds.
[   11.757424] cloud-init[1052]: ci-info: ++++++++++++++++++++++++++++++++++++++Net device info+++++++++++++++++++++++++++++++++++++++
[   11.758928] cloud-init[1052]: ci-info: +--------+-------+----------------------------+---------------+--------+-------------------+
[   11.760093] cloud-init[1052]: ci-info: | Device |   Up  |          Address           |      Mask     | Scope  |     Hw-Address    |
[   11.761189] cloud-init[1052]: ci-info: +--------+-------+----------------------------+---------------+--------+-------------------+
[   11.762278] cloud-init[1052]: ci-info: | enp0s3 |  True |         10.0.2.15          | 255.255.255.0 | global | 02:3b:7b:b7:3b:2d |
[   11.763384] cloud-init[1052]: ci-info: | enp0s3 |  True | fe80::3b:7bff:feb7:3b2d/64 |       .       |  link  | 02:3b:7b:b7:3b:2d |
[   11.764561] cloud-init[1052]: ci-info: | enp0s8 | False |             .              |       .       |   .    | 08:00:27:ad:af:54 |
[   11.765660] cloud-init[1052]: ci-info: |   lo   |  True |         127.0.0.1          |   255.0.0.0   |  host  |         .         |
[   11.766708] cloud-init[1052]: ci-info: |   lo   |  True |          ::1/128           |       .       |  host  |         .         |
[   11.767787] cloud-init[1052]: ci-info: +--------+-------+----------------------------+---------------+--------+-------------------+
[   11.768901] cloud-init[1052]: ci-info: ++++++++++++++++++++++++++++Route IPv4 info+++++++++++++++++++++++++++++
[   11.769903] cloud-init[1052]: ci-info: +-------+-------------+----------+-----------------+-----------+-------+
[   11.770870] cloud-init[1052]: ci-info: | Route | Destination | Gateway  |     Genmask     | Interface | Flags |
[   11.771833] cloud-init[1052]: ci-info: +-------+-------------+----------+-----------------+-----------+-------+
[   11.772870] cloud-init[1052]: ci-info: |   0   |   0.0.0.0   | 10.0.2.2 |     0.0.0.0     |   enp0s3  |   UG  |
[   11.773855] cloud-init[1052]: ci-info: |   1   |   10.0.2.0  | 0.0.0.0  |  255.255.255.0  |   enp0s3  |   U   |
[   11.774838] cloud-init[1052]: ci-info: |   2   |   10.0.2.2  | 0.0.0.0  | 255.255.255.255 |   enp0s3  |   UH  |
[   11.775819] cloud-init[1052]: ci-info: +-------+-------------+----------+-----------------+-----------+-------+
[   11.776817] cloud-init[1052]: ci-info: +++++++++++++++++++Route IPv6 info+++++++++++++++++++
[   11.777663] cloud-init[1052]: ci-info: +-------+-------------+---------+-----------+-------+
[   11.778499] cloud-init[1052]: ci-info: | Route | Destination | Gateway | Interface | Flags |
[   11.779352] cloud-init[1052]: ci-info: +-------+-------------+---------+-----------+-------+
[   11.780230] cloud-init[1052]: ci-info: |   1   |  fe80::/64  |    ::   |   enp0s3  |   U   |
[   11.781080] cloud-init[1052]: ci-info: |   3   |    local    |    ::   |   enp0s3  |   U   |
[   11.782526] cloud-init[1052]: ci-info: |   4   |   ff00::/8  |    ::   |   enp0s3  |   U   |
[   11.783372] cloud-init[1052]: ci-info: +-------+-------------+---------+-----------+-------+
[   12.386427] cloud-init[1052]: Generating public/private rsa key pair.
[   12.387058] cloud-init[1052]: Your identification has been saved in /etc/ssh/ssh_host_rsa_key.
[   12.387769] cloud-init[1052]: Your public key has been saved in /etc/ssh/ssh_host_rsa_key.pub.
[   12.408529] cloud-init[1052]: The key fingerprint is:
[   12.409093] cloud-init[1052]: SHA256:HWwLYDWi/57WiVkM+H/S7e0QreiMPxuYPewDflI9GB8 root@ubuntu-bionic
[   12.409930] cloud-init[1052]: The key's randomart image is:
[   12.410464] cloud-init[1052]: +---[RSA 2048]----+
[   12.410919] cloud-init[1052]: |      +.o        |
[   12.411357] cloud-init[1052]: |     o o o       |
[   12.411800] cloud-init[1052]: |    .  .. +      |
[   12.412263] cloud-init[1052]: |     .. .+ o. E. |
[   12.429126] cloud-init[1052]: |      ..Soo  =...|
[   12.429575] cloud-init[1052]: |       .. +=o.+o |
[   12.429994] cloud-init[1052]: |        .Bo=*.o. |
[   12.430388] cloud-init[1052]: |       .+.B=*o.o |
[   12.430803] cloud-init[1052]: |       .o .**=..o|
[   12.431199] cloud-init[1052]: +----[SHA256]-----+
[   12.431661] cloud-init[1052]: Generating public/private dsa key pair.
[   12.432131] cloud-init[1052]: Your identification has been saved in /etc/ssh/ssh_host_dsa_key.
[   12.432763] cloud-init[1052]: Your public key has been saved in /etc/ssh/ssh_host_dsa_key.pub.
[   12.433372] cloud-init[1052]: The key fingerprint is:
[   12.433799] cloud-init[1052]: SHA256:v6KDzMkfLu6FaM7N8FiHn6F4gCdEBbztkA4e6eNg3mM root@ubuntu-bionic
[   12.434508] cloud-init[1052]: The key's randomart image is:
[   12.434971] cloud-init[1052]: +---[DSA 1024]----+
[   12.435363] cloud-init[1052]: |..o.             |
[   12.435796] cloud-init[1052]: | o               |
[   12.436284] cloud-init[1052]: |. =              |
[   12.436694] cloud-init[1052]: |.B .             |
[   12.437154] cloud-init[1052]: |*.+     S        |
[   12.437560] cloud-init[1052]: |+*oo o   .       |
[   12.437990] cloud-init[1052]: |=o*=+o=   .      |
[[0;32m  OK  [0m[   12.468194] cloud-init[1052]: | * EO*.+.  .     |
[   12.468365] cloud-init[1052]: |  *+Oo*o ..      |
[   12.468882] cloud-init[1052]: +----[SHA256]-----+
[   12.469087] cloud-init[1052]: Generating public/private ecdsa key pair.
[   12.469156] cloud-init[1052]: Your identification has been saved in /etc/ssh/ssh_host_ecdsa_key.
[   12.469543] cloud-init[1052]: Your public key has been saved in /etc/ssh/ssh_host_ecdsa_key.pub.
[   12.469945] cloud-init[1052]: The key fingerprint is:
[   12.470499] cloud-init[1052]: SHA256:4Ce1G+sOaVObt2bgNdMArohZUIXdA+DK0TDfhAptomk root@ubuntu-bionic
[   12.470903] cloud-init[1052]: The key's randomart image is:
[   12.471325] cloud-init[1052]: +---[ECDSA 256]---+
[   12.472310] cloud-init[1052]: | .o.o*+o         |
[   12.472741] cloud-init[1052]: |o +*oo. +        |
[   12.472910] cloud-init[1052]: |.=.o+ o..o       |
[   12.473212] cloud-init[1052]: |oE.o.. o...      |
[   12.473484] cloud-init[1052]: |. o+ .o.S  o     |
[   12.473803] cloud-init[1052]: |  o . .=.*+ .    |
[   12.473987] cloud-init[1052]: |      =.=o.o     |
[   12.474382] cloud-init[1052]: |     . +..o.     |
[   12.474798] cloud-init[1052]: |       .oo.      |
[   12.475042] cloud-init[1052]: +----[SHA256]-----+
[   12.475433] cloud-init[1052]: Generating public/private ed25519 key pair.
[   12.475663] cloud-init[1052]: Your identification has been saved in /etc/ssh/ssh_host_ed25519_key.
[   12.475974] cloud-init[1052]: Your public key has been saved in /etc/ssh/ssh_host_ed25519_key.pub.
[   12.476198] cloud-init[1052]: The key fingerprint is:
[   12.476345] cloud-init[1052]: SHA256:L3Th34Hw4zvyW53oXaS05ecdmEL0MY56agBw8uovFwk root@ubuntu-bionic
[   12.476566] cloud-init[1052]: The key's randomart image is:
[   12.476801] cloud-init[1052]: +--[ED25519 256]--+
[   12.477018] cloud-init[1052]: |                 |
[   12.477233] cloud-init[1052]: |   o .           |
[   12.477497] cloud-init[1052]: |    =     o. o   |
[   12.477665] cloud-init[1052]: |   E o   ..++.o  |
[   12.477888] cloud-init[1052]: |    o o S oo+oo o|
[   12.478147] cloud-init[1052]: |   . o o ooo ++O.|
[   12.478422] cloud-init[1052]: |  .   . o..oo+=o=|
[   12.478655] cloud-init[1052]: |   o .   o+ +o..=|
[   12.478759] cloud-init[1052]: |    +.  .. o++ .o|
[   12.478949] cloud-init[1052]: +----[SHA256]-----+
] Started Initial cloud-init job (metadata service crawler).
[[0;32m  OK  [0m] Reached target Network is Online.
         Starting Availability of block devices...
[[0;32m  OK  [0m] Reached target Remote File Systems (Pre).
[[0;32m  OK  [0m] Reached target Remote File Systems.
[[0;32m  OK  [0m] Reached target System Initialization.
[[0;32m  OK  [0m] Listening on cloud-init hotplug hook socket.
[[0;32m  OK  [0m] Listening on ACPID Listen Socket.
[[0;32m  OK  [0m] Listening on D-Bus System Message Bus Socket.
         Starting LXD - unix socket.
[[0;32m  OK  [0m] Started ACPI Events Check.
[[0;32m  OK  [0m] Started Daily Cleanup of Temporary Directories.
[[0;32m  OK  [0m] Started Ubuntu Advantage Timer for running repeated jobs.
[[0;32m  OK  [0m] Reached target Paths.
[[0;32m  OK  [0m] Started Daily apt download activities.
[[0;32m  OK  [0m] Started Daily apt upgrade and clean activities.
[[0;32m  OK  [0m] Listening on Open-iSCSI iscsid Socket.
[[0;32m  OK  [0m] Started Message of the Day.
[[0;32m  OK  [0m] Started Discard unused blocks once a week.
[[0;32m  OK  [0m] Reached target Timers.
[[0;32m  OK  [0m] Listening on UUID daemon activation socket.
         Starting Socket activation for snappy daemon.
[[0;32m  OK  [0m] Reached target Cloud-config availability.
[[0;32m  OK  [0m] Listening on LXD - unix socket.
[[0;32m  OK  [0m] Listening on Socket activation for snappy daemon.
[[0;32m  OK  [0m] Reached target Sockets.
[[0;32m  OK  [0m] Reached target Basic System.
[[0;32m  OK  [0m] Started Regular background program processing daemon.
         Starting System Logging Service...
[[0;32m  OK  [0m] Started Deferred execution scheduler.
         Starting Virtualbox guest utils...
         Starting Login Service...
[[0;32m  OK  [0m] Started irqbalance daemon.
[[0;32m  OK  [0m] Started FUSE filesystem for LXC.
         Starting Snap Daemon...
[[0;32m  OK  [0m] Reached target Login Prompts (Pre).
         Starting LSB: automatic crash report generation...
         Starting Permit User Sessions...
         Starting Dispatcher daemon for systemd-networkd...
         Starting Accounts Service...
         Starting Pollinate to seed the pseudo random number generator...
[[0;32m  OK  [0m] Started D-Bus System Message Bus.
         Starting LSB: Record successful boot for GRUB...
         Starting LXD - container startup/shutdown...
[[0;32m  OK  [0m] Started System Logging Service.
[[0;32m  OK  [0m] Started Availability of block devices.
[[0;32m  OK  [0m] Started Permit User Sessions.
[[0;32m  OK  [0m] Started Login Service.
[[0;32m  OK  [0m] Started Unattended Upgrades Shutdown.
         Starting Hold until boot process finishes up...
         Starting Terminate Plymouth Boot Screen...
[[0;32m  OK  [0m] Started Hold until boot process finishes up.
[[0;32m  OK  [0m] Started Serial Getty on ttyS0.
         Starting Set console scheme...
[[0;32m  OK  [0m] Started Terminate Plymouth Boot Screen.
[[0;32m  OK  [0m] Started Set console scheme.
[[0;32m  OK  [0m] Created slice system-getty.slice.
[[0;32m  OK  [0m] Started Getty on tty1.
[[0;32m  OK  [0m] Reached target Login Prompts.
[[0;32m  OK  [0m] Started LSB: automatic crash report generation.
         Starting Authorization Manager...
[[0;32m  OK  [0m] Started LXD - container startup/shutdown.
[[0;32m  OK  [0m] Started LSB: Record successful boot for GRUB.
[[0;32m  OK  [0m] Started Virtualbox guest utils.
[[0;32m  OK  [0m] Started Authorization Manager.
[[0;32m  OK  [0m] Started Accounts Service.
[[0;32m  OK  [0m] Started Dispatcher daemon for systemd-networkd.
[[0;32m  OK  [0m] Started Snap Daemon.
         Starting Wait until snapd is fully seeded...
[[0;32m  OK  [0m] Started Pollinate to seed the pseudo random number generator.
         Starting OpenBSD Secure Shell server...
[[0;32m  OK  [0m] Started OpenBSD Secure Shell server.
[[0;32m  OK  [0m] Created slice User Slice of vagrant.
         Starting User Manager for UID 1000...
[[0;32m  OK  [0m] Started Session 1 of user vagrant.
[[0;32m  OK  [0m] Started User Manager for UID 1000.
         Starting Time & Date Service...
[[0;32m  OK  [0m] Started Time & Date Service.
[[0;32m  OK  [0m] Started Wait until snapd is fully seeded.
         Starting Apply the settings specified in cloud-config...
[   16.371428] cloud-init[1751]: Cloud-init v. 23.1.2-0ubuntu0~18.04.1 running 'modules:config' at Sun, 09 Mar 2025 23:01:09 +0000. Up 15.96 seconds.
[[0;32m  OK  [0m] Started Apply the settings specified in cloud-config.
[[0;32m  OK  [0m] Reached target Multi-User System.
[[0;32m  OK  [0m] Reached target Graphical Interface.
         Starting Update UTMP about System Runlevel Changes...
         Starting Execute cloud user/final scripts...
[[0;32m  OK  [0m] Started Update UTMP about System Runlevel Changes.
ci-info: no authorized SSH keys fingerprints found for user ubuntu.
<14>Mar  9 23:01:10 cloud-init: #############################################################
<14>Mar  9 23:01:10 cloud-init: -----BEGIN SSH HOST KEY FINGERPRINTS-----
<14>Mar  9 23:01:10 cloud-init: 1024 SHA256:v6KDzMkfLu6FaM7N8FiHn6F4gCdEBbztkA4e6eNg3mM root@ubuntu-bionic (DSA)
<14>Mar  9 23:01:10 cloud-init: 256 SHA256:4Ce1G+sOaVObt2bgNdMArohZUIXdA+DK0TDfhAptomk root@ubuntu-bionic (ECDSA)
<14>Mar  9 23:01:10 cloud-init: 256 SHA256:L3Th34Hw4zvyW53oXaS05ecdmEL0MY56agBw8uovFwk root@ubuntu-bionic (ED25519)
<14>Mar  9 23:01:10 cloud-init: 2048 SHA256:HWwLYDWi/57WiVkM+H/S7e0QreiMPxuYPewDflI9GB8 root@ubuntu-bionic (RSA)
<14>Mar  9 23:01:10 cloud-init: -----END SSH HOST KEY FINGERPRINTS-----
<14>Mar  9 23:01:10 cloud-init: #############################################################
-----BEGIN SSH HOST KEY KEYS-----
ecdsa-sha2-nistp256 AAAAE2VjZHNhLXNoYTItbmlzdHAyNTYAAAAIbmlzdHAyNTYAAABBBJ5/U1KNFfQGSAsCY7Yuw1ORGl5eIQopmBQjH7UY/Xod/6UR8yFjFl/pX2ErTcmkLIaJmFJtimIFAPs6aGZr2A4= root@ubuntu-bionic
ssh-ed25519 AAAAC3NzaC1lZDI1NTE5AAAAIFOU1YngHRJzsTlw36q4+/vZtdcdKkq4wA7LEvIvxH9b root@ubuntu-bionic
ssh-rsa AAAAB3NzaC1yc2EAAAADAQABAAABAQCpMfF8n2NAJyvIYYzLdlldn5sOw04IBufivqFFVzcyssL4JCIsoEx4Tayjjw/p0tKeA5EF2jLWB66n3qwGBT2MxiqHgxygNoOujGNpxl1SCdZpfYDK6obniJcz/h5O0gtCK4OqIj/71ghaFYfsamEaGigdZHZ6dwnCBMalDlgm6i/mJQvuoJ4pETTvWEU34Y/inrY0SP44Ldu5L5TjzkYpnkJA/7ewSZbn3s6RxB6Vl/VnY58KkeAOvLWJOyoLazZK/FwufIxDuWalDLvr4UKiH++9qH1Ib2hmYeNJTFQ62kZiGXP5rrgFGUpY+IoLdTQjaPGu7I6JwlLuA9t/tXHz root@ubuntu-bionic
-----END SSH HOST KEY KEYS-----
[   17.058504] cloud-init[1903]: Cloud-init v. 23.1.2-0ubuntu0~18.04.1 running 'modules:final' at Sun, 09 Mar 2025 23:01:10 +0000. Up 16.88 seconds.
[   17.059838] cloud-init[1903]: Cloud-init v. 23.1.2-0ubuntu0~18.04.1 finished at Sun, 09 Mar 2025 23:01:10 +0000. Datasource DataSourceNoCloud [seed=/dev/sdb][dsmode=net].  Up 17.04 seconds
[[0;32m  OK  [0m] Started Execute cloud user/final scripts.
[[0;32m  OK  [0m] Reached target Cloud-init target.

Ubuntu 18.04.6 LTS ubuntu-bionic ttyS0

ubuntu-bionic login:                                                                 